<html>
<body>
<pre>
<h1>µVision Build Log</h1>
<h2>Tool Versions:</h2>
IDE-Version: ¦ÌVision V5.24.2.0
Copyright (C) 2017 ARM Ltd and ARM Germany GmbH. All rights reserved.
License Information: z zlb, z, LIC=VGXG8-3FJHU-Z9XG9-4PA6U-5CIL6-QHJQN
 
Tool Versions:
Toolchain:       MDK-ARM Plus  Version: 5.24.1
Toolchain Path:  C:\Emb\keil\ARM\ARMCC\Bin
C Compiler:      Armcc.exe V5.06 update 5 (build 528)
Assembler:       Armasm.exe V5.06 update 5 (build 528)
Linker/Locator:  ArmLink.exe V5.06 update 5 (build 528)
Library Manager: ArmAr.exe V5.06 update 5 (build 528)
Hex Converter:   FromElf.exe V5.06 update 5 (build 528)
CPU DLL:         SARMCM3.DLL V5.24.1
Dialog DLL:      DCM.DLL V1.16.0.0
Target DLL:      STLink\ST-LINKIII-KEIL_SWO.dll V3.0.1.0
Dialog DLL:      TCM.DLL V1.32.0.0
 
<h2>Project:</h2>
C:\Users\zlb\Desktop\smartf411\smartwatchf411\MDK-ARM\smartwatchf411.uvprojx
Project File Date:  12/19/2025

<h2>Output:</h2>
*** Using Compiler 'V5.06 update 5 (build 528)', folder: 'C:\Emb\keil\ARM\ARMCC\Bin'
Build target 'smartwatchf411'
compiling ui_comp_hook.c...
compiling ui_font_fontclock24.c...
compiling ui_events.c...
compiling ui.c...
compiling ui_logic.c...
compiling ui_font_chinafont16.c...
compiling ui_font_chinafont32.c...
compiling ui_font_font16.c...
compiling ui_Screen1.c...
compiling ui_helpers.c...
..\Drivers\Middlewares\GUI_APP\ui_helpers.c(77): warning:  #188-D: enumerated type mixed with another type
      lv_bar_set_value(target, old + val, anm);
..\Drivers\Middlewares\GUI_APP\ui_helpers.c(83): warning:  #188-D: enumerated type mixed with another type
      lv_slider_set_value(target, old + val, anm);
..\Drivers\Middlewares\GUI_APP\ui_helpers.c: 2 warnings, 0 errors
compiling ui_font_fontclock48.c...
compiling ui_img_70400119.c...
compiling ui_img_21505875.c...
compiling ui_img_1219711373.c...
compiling ui_img_1907056666.c...
compiling ui_img_1905141978.c...
compiling ui_img_723305328.c...
compiling ui_img_840545791.c...
compiling ui_img_2091611716.c...
compiling ui_font_chinafont20.c...
compiling freertos.c...
linking...
Program Size: Code=240540 RO-data=146584 RW-data=1040 ZI-data=118800  
FromELF: creating hex file...
"smartwatchf411\smartwatchf411.axf" - 0 Error(s), 2 Warning(s).

<h2>Software Packages used:</h2>

Package Vendor: ARM
                http://www.keil.com/pack/ARM.CMSIS.5.0.1.pack
                ARM.CMSIS.5.0.1
                CMSIS (Cortex Microcontroller Software Interface Standard)
   * Component: CORE Version: 5.0.1

Package Vendor: Keil
                https://www.keil.com/pack/Keil.STM32F4xx_DFP.3.1.1.pack
                Keil.STM32F4xx_DFP.3.1.1
                STMicroelectronics STM32F4 Series Device Support

<h2>Collection of Component include folders:</h2>
  .\RTE\_smartwatchf411
  C:\Emb\keil\ARM\PACK\ARM\CMSIS\5.0.1\CMSIS\Include

<h2>Collection of Component Files used:</h2>

   * Component: ARM::CMSIS:CORE:5.0.1
Build Time Elapsed:  00:00:03
</pre>
</body>
</html>
