<html>
<body>
<pre>
<h1>µVision Build Log</h1>
<h2>Tool Versions:</h2>
IDE-Version: ¦ÌVision V5.24.2.0
Copyright (C) 2017 ARM Ltd and ARM Germany GmbH. All rights reserved.
License Information: z zlb, z, LIC=VGXG8-3FJHU-Z9XG9-4PA6U-5CIL6-QHJQN
 
Tool Versions:
Toolchain:       MDK-ARM Plus  Version: 5.24.1
Toolchain Path:  C:\Emb\keil\ARM\ARMCC\Bin
C Compiler:      Armcc.exe V5.06 update 5 (build 528)
Assembler:       Armasm.exe V5.06 update 5 (build 528)
Linker/Locator:  ArmLink.exe V5.06 update 5 (build 528)
Library Manager: ArmAr.exe V5.06 update 5 (build 528)
Hex Converter:   FromElf.exe V5.06 update 5 (build 528)
CPU DLL:         SARMCM3.DLL V5.24.1
Dialog DLL:      DCM.DLL V1.16.0.0
Target DLL:      STLink\ST-LINKIII-KEIL_SWO.dll V3.0.1.0
Dialog DLL:      TCM.DLL V1.32.0.0
 
<h2>Project:</h2>
C:\Users\zlb\Desktop\smart\smartf411\smartwatchf411\MDK-ARM\smartwatchf411.uvprojx
Project File Date:  12/03/2025

<h2>Output:</h2>
*** Using Compiler 'V5.06 update 5 (build 528)', folder: 'C:\Emb\keil\ARM\ARMCC\Bin'
Rebuild target 'smartwatchf411'
compiling max30102.c...
compiling key.c...
compiling gpio.c...
compiling spi.c...
compiling main.c...
compiling i2c.c...
compiling algorithm.c...
compiling rtc.c...
compiling lcd.c...
compiling blood.c...
compiling usart.c...
compiling stm32f4xx_it.c...
compiling stm32f4xx_hal_msp.c...
compiling stm32f4xx_hal_i2c_ex.c...
compiling stm32f4xx_hal_rcc_ex.c...
compiling stm32f4xx_hal_flash_ramfunc.c...
compiling stm32f4xx_hal_flash.c...
compiling stm32f4xx_hal_dma_ex.c...
compiling stm32f4xx_hal_gpio.c...
compiling stm32f4xx_hal_rcc.c...
compiling stm32f4xx_hal_flash_ex.c...
compiling stm32f4xx_hal_i2c.c...
compiling stm32f4xx_hal_dma.c...
compiling stm32f4xx_hal_pwr.c...
assembling startup_stm32f411xe.s...
compiling stm32f4xx_hal_pwr_ex.c...
compiling lv_disp.c...
..\Drivers\Middlewares\lvgl\src\core\../hal/../draw/../lv_conf_internal.h(46): warning:  #161-D: unrecognized #pragma
          #pragma message("Possible failure to include lv_conf.h, please read the comment in this file if you get errors")
..\Drivers\Middlewares\lvgl\src\core\lv_disp.c: 1 warning, 0 errors
compiling stm32f4xx_hal_cortex.c...
compiling stm32f4xx_hal.c...
compiling lv_event.c...
..\Drivers\Middlewares\lvgl\src\core\../lv_conf_internal.h(46): warning:  #161-D: unrecognized #pragma
          #pragma message("Possible failure to include lv_conf.h, please read the comment in this file if you get errors")
..\Drivers\Middlewares\lvgl\src\core\lv_event.c(120): warning:  #188-D: enumerated type mixed with another type
      return e->code & ~LV_EVENT_PREPROCESS;
..\Drivers\Middlewares\lvgl\src\core\lv_event.c: 2 warnings, 0 errors
compiling lv_group.c...
..\Drivers\Middlewares\lvgl\src\core\../lv_conf_internal.h(46): warning:  #161-D: unrecognized #pragma
          #pragma message("Possible failure to include lv_conf.h, please read the comment in this file if you get errors")
..\Drivers\Middlewares\lvgl\src\core\lv_group.c: 1 warning, 0 errors
compiling stm32f4xx_hal_exti.c...
compiling stm32f4xx_hal_rtc.c...
compiling system_stm32f4xx.c...
compiling stm32f4xx_hal_rtc_ex.c...
compiling lv_indev.c...
..\Drivers\Middlewares\lvgl\src\core\../lv_conf_internal.h(46): warning:  #161-D: unrecognized #pragma
          #pragma message("Possible failure to include lv_conf.h, please read the comment in this file if you get errors")
..\Drivers\Middlewares\lvgl\src\core\lv_indev.c: 1 warning, 0 errors
compiling lv_obj_class.c...
..\Drivers\Middlewares\lvgl\src\core\../lv_conf_internal.h(46): warning:  #161-D: unrecognized #pragma
          #pragma message("Possible failure to include lv_conf.h, please read the comment in this file if you get errors")
..\Drivers\Middlewares\lvgl\src\core\lv_obj_class.c: 1 warning, 0 errors
compiling lv_indev_scroll.c...
..\Drivers\Middlewares\lvgl\src\core\../lv_conf_internal.h(46): warning:  #161-D: unrecognized #pragma
          #pragma message("Possible failure to include lv_conf.h, please read the comment in this file if you get errors")
..\Drivers\Middlewares\lvgl\src\core\lv_indev_scroll.c: 1 warning, 0 errors
compiling stm32f4xx_hal_uart.c...
compiling stm32f4xx_hal_spi.c...
compiling lv_obj_draw.c...
..\Drivers\Middlewares\lvgl\src\core\../draw/../lv_conf_internal.h(46): warning:  #161-D: unrecognized #pragma
          #pragma message("Possible failure to include lv_conf.h, please read the comment in this file if you get errors")
..\Drivers\Middlewares\lvgl\src\core\lv_obj_draw.c(392): warning:  #188-D: enumerated type mixed with another type
      if(obj->spec_attr) return obj->spec_attr->layer_type;
..\Drivers\Middlewares\lvgl\src\core\lv_obj_draw.c: 2 warnings, 0 errors
compiling lv_obj_scroll.c...
..\Drivers\Middlewares\lvgl\src\core\../misc/../lv_conf_internal.h(46): warning:  #161-D: unrecognized #pragma
          #pragma message("Possible failure to include lv_conf.h, please read the comment in this file if you get errors")
..\Drivers\Middlewares\lvgl\src\core\lv_obj_scroll.c: 1 warning, 0 errors
compiling lv_obj.c...
..\Drivers\Middlewares\lvgl\src\core\../lv_conf_internal.h(46): warning:  #161-D: unrecognized #pragma
          #pragma message("Possible failure to include lv_conf.h, please read the comment in this file if you get errors")
..\Drivers\Middlewares\lvgl\src\core\lv_obj.c: 1 warning, 0 errors
compiling lv_obj_pos.c...
..\Drivers\Middlewares\lvgl\src\core\../lv_conf_internal.h(46): warning:  #161-D: unrecognized #pragma
          #pragma message("Possible failure to include lv_conf.h, please read the comment in this file if you get errors")
..\Drivers\Middlewares\lvgl\src\core\lv_obj_pos.c: 1 warning, 0 errors
compiling lv_obj_style_gen.c...
..\Drivers\Middlewares\lvgl\src\core\../lv_conf_internal.h(46): warning:  #161-D: unrecognized #pragma
          #pragma message("Possible failure to include lv_conf.h, please read the comment in this file if you get errors")
..\Drivers\Middlewares\lvgl\src\core\lv_obj_style_gen.c: 1 warning, 0 errors
compiling lv_obj_tree.c...
..\Drivers\Middlewares\lvgl\src\core\../lv_conf_internal.h(46): warning:  #161-D: unrecognized #pragma
          #pragma message("Possible failure to include lv_conf.h, please read the comment in this file if you get errors")
..\Drivers\Middlewares\lvgl\src\core\lv_obj_tree.c: 1 warning, 0 errors
compiling lv_draw.c...
..\Drivers\Middlewares\lvgl\src\draw\../lv_conf_internal.h(46): warning:  #161-D: unrecognized #pragma
          #pragma message("Possible failure to include lv_conf.h, please read the comment in this file if you get errors")
..\Drivers\Middlewares\lvgl\src\draw\lv_draw.c: 1 warning, 0 errors
compiling lv_obj_style.c...
..\Drivers\Middlewares\lvgl\src\core\../lv_conf_internal.h(46): warning:  #161-D: unrecognized #pragma
          #pragma message("Possible failure to include lv_conf.h, please read the comment in this file if you get errors")
..\Drivers\Middlewares\lvgl\src\core\lv_obj_style.c: 1 warning, 0 errors
compiling lv_draw_arc.c...
..\Drivers\Middlewares\lvgl\src\draw\../lv_conf_internal.h(46): warning:  #161-D: unrecognized #pragma
          #pragma message("Possible failure to include lv_conf.h, please read the comment in this file if you get errors")
..\Drivers\Middlewares\lvgl\src\draw\lv_draw_arc.c: 1 warning, 0 errors
compiling lv_draw_img.c...
..\Drivers\Middlewares\lvgl\src\draw\../lv_conf_internal.h(46): warning:  #161-D: unrecognized #pragma
          #pragma message("Possible failure to include lv_conf.h, please read the comment in this file if you get errors")
..\Drivers\Middlewares\lvgl\src\draw\lv_draw_img.c: 1 warning, 0 errors
compiling lv_theme.c...
..\Drivers\Middlewares\lvgl\src\core\../../src/misc/../lv_conf_internal.h(46): warning:  #161-D: unrecognized #pragma
          #pragma message("Possible failure to include lv_conf.h, please read the comment in this file if you get errors")
..\Drivers\Middlewares\lvgl\src\core\lv_theme.c: 1 warning, 0 errors
compiling lv_refr.c...
..\Drivers\Middlewares\lvgl\src\core\../lv_conf_internal.h(46): warning:  #161-D: unrecognized #pragma
          #pragma message("Possible failure to include lv_conf.h, please read the comment in this file if you get errors")
..\Drivers\Middlewares\lvgl\src\core\lv_refr.c: 1 warning, 0 errors
compiling lv_draw_layer.c...
..\Drivers\Middlewares\lvgl\src\draw\../lv_conf_internal.h(46): warning:  #161-D: unrecognized #pragma
          #pragma message("Possible failure to include lv_conf.h, please read the comment in this file if you get errors")
..\Drivers\Middlewares\lvgl\src\draw\lv_draw_layer.c: 1 warning, 0 errors
compiling lv_draw_line.c...
..\Drivers\Middlewares\lvgl\src\draw\../core/../lv_conf_internal.h(46): warning:  #161-D: unrecognized #pragma
          #pragma message("Possible failure to include lv_conf.h, please read the comment in this file if you get errors")
..\Drivers\Middlewares\lvgl\src\draw\lv_draw_line.c: 1 warning, 0 errors
compiling lv_draw_rect.c...
..\Drivers\Middlewares\lvgl\src\draw\../lv_conf_internal.h(46): warning:  #161-D: unrecognized #pragma
          #pragma message("Possible failure to include lv_conf.h, please read the comment in this file if you get errors")
..\Drivers\Middlewares\lvgl\src\draw\lv_draw_rect.c: 1 warning, 0 errors
compiling lv_draw_transform.c...
..\Drivers\Middlewares\lvgl\src\draw\../lv_conf_internal.h(46): warning:  #161-D: unrecognized #pragma
          #pragma message("Possible failure to include lv_conf.h, please read the comment in this file if you get errors")
..\Drivers\Middlewares\lvgl\src\draw\lv_draw_transform.c: 1 warning, 0 errors
compiling lv_draw_label.c...
..\Drivers\Middlewares\lvgl\src\draw\../lv_conf_internal.h(46): warning:  #161-D: unrecognized #pragma
          #pragma message("Possible failure to include lv_conf.h, please read the comment in this file if you get errors")
..\Drivers\Middlewares\lvgl\src\draw\lv_draw_label.c: 1 warning, 0 errors
compiling lv_draw_triangle.c...
..\Drivers\Middlewares\lvgl\src\draw\../lv_conf_internal.h(46): warning:  #161-D: unrecognized #pragma
          #pragma message("Possible failure to include lv_conf.h, please read the comment in this file if you get errors")
..\Drivers\Middlewares\lvgl\src\draw\lv_draw_triangle.c: 1 warning, 0 errors
compiling lv_img_buf.c...
..\Drivers\Middlewares\lvgl\src\draw\../misc/../lv_conf_internal.h(46): warning:  #161-D: unrecognized #pragma
          #pragma message("Possible failure to include lv_conf.h, please read the comment in this file if you get errors")
..\Drivers\Middlewares\lvgl\src\draw\lv_img_buf.c: 1 warning, 0 errors
compiling lv_img_cache.c...
..\Drivers\Middlewares\lvgl\src\draw\../misc/../lv_conf_internal.h(46): warning:  #161-D: unrecognized #pragma
          #pragma message("Possible failure to include lv_conf.h, please read the comment in this file if you get errors")
..\Drivers\Middlewares\lvgl\src\draw\lv_img_cache.c: 1 warning, 0 errors
compiling lv_draw_pxp.c...
..\Drivers\Middlewares\lvgl\src\draw\nxp\pxp\../../../lv_conf_internal.h(46): warning:  #161-D: unrecognized #pragma
          #pragma message("Possible failure to include lv_conf.h, please read the comment in this file if you get errors")
..\Drivers\Middlewares\lvgl\src\draw\nxp\pxp\lv_draw_pxp.c: 1 warning, 0 errors
compiling lv_gpu_arm2d.c...
..\Drivers\Middlewares\lvgl\src\draw\arm2d\../../misc/../lv_conf_internal.h(46): warning:  #161-D: unrecognized #pragma
          #pragma message("Possible failure to include lv_conf.h, please read the comment in this file if you get errors")
..\Drivers\Middlewares\lvgl\src\draw\arm2d\lv_gpu_arm2d.c: 1 warning, 0 errors
compiling lv_draw_pxp_blend.c...
..\Drivers\Middlewares\lvgl\src\draw\nxp\pxp\../../../lv_conf_internal.h(46): warning:  #161-D: unrecognized #pragma
          #pragma message("Possible failure to include lv_conf.h, please read the comment in this file if you get errors")
..\Drivers\Middlewares\lvgl\src\draw\nxp\pxp\lv_draw_pxp_blend.c: 1 warning, 0 errors
compiling lv_img_decoder.c...
..\Drivers\Middlewares\lvgl\src\draw\../lv_conf_internal.h(46): warning:  #161-D: unrecognized #pragma
          #pragma message("Possible failure to include lv_conf.h, please read the comment in this file if you get errors")
..\Drivers\Middlewares\lvgl\src\draw\lv_img_decoder.c: 1 warning, 0 errors
compiling lv_gpu_nxp_pxp.c...
..\Drivers\Middlewares\lvgl\src\draw\nxp\pxp\../../../lv_conf_internal.h(46): warning:  #161-D: unrecognized #pragma
          #pragma message("Possible failure to include lv_conf.h, please read the comment in this file if you get errors")
..\Drivers\Middlewares\lvgl\src\draw\nxp\pxp\lv_gpu_nxp_pxp.c: 1 warning, 0 errors
compiling lv_gpu_nxp_pxp_osa.c...
..\Drivers\Middlewares\lvgl\src\draw\nxp\pxp\../../../lv_conf_internal.h(46): warning:  #161-D: unrecognized #pragma
          #pragma message("Possible failure to include lv_conf.h, please read the comment in this file if you get errors")
..\Drivers\Middlewares\lvgl\src\draw\nxp\pxp\lv_gpu_nxp_pxp_osa.c: 1 warning, 0 errors
compiling lv_draw_mask.c...
..\Drivers\Middlewares\lvgl\src\draw\../lv_conf_internal.h(46): warning:  #161-D: unrecognized #pragma
          #pragma message("Possible failure to include lv_conf.h, please read the comment in this file if you get errors")
..\Drivers\Middlewares\lvgl\src\draw\lv_draw_mask.c: 1 warning, 0 errors
compiling lv_draw_vglite.c...
..\Drivers\Middlewares\lvgl\src\draw\nxp\vglite\../../../lv_conf_internal.h(46): warning:  #161-D: unrecognized #pragma
          #pragma message("Possible failure to include lv_conf.h, please read the comment in this file if you get errors")
..\Drivers\Middlewares\lvgl\src\draw\nxp\vglite\lv_draw_vglite.c: 1 warning, 0 errors
compiling lv_draw_vglite_arc.c...
..\Drivers\Middlewares\lvgl\src\draw\nxp\vglite\../../../lv_conf_internal.h(46): warning:  #161-D: unrecognized #pragma
          #pragma message("Possible failure to include lv_conf.h, please read the comment in this file if you get errors")
..\Drivers\Middlewares\lvgl\src\draw\nxp\vglite\lv_draw_vglite_arc.c: 1 warning, 0 errors
compiling lv_draw_vglite_blend.c...
..\Drivers\Middlewares\lvgl\src\draw\nxp\vglite\../../../lv_conf_internal.h(46): warning:  #161-D: unrecognized #pragma
          #pragma message("Possible failure to include lv_conf.h, please read the comment in this file if you get errors")
..\Drivers\Middlewares\lvgl\src\draw\nxp\vglite\lv_draw_vglite_blend.c: 1 warning, 0 errors
compiling lv_draw_vglite_line.c...
..\Drivers\Middlewares\lvgl\src\draw\nxp\vglite\../../../lv_conf_internal.h(46): warning:  #161-D: unrecognized #pragma
          #pragma message("Possible failure to include lv_conf.h, please read the comment in this file if you get errors")
..\Drivers\Middlewares\lvgl\src\draw\nxp\vglite\lv_draw_vglite_line.c: 1 warning, 0 errors
compiling lv_draw_vglite_rect.c...
..\Drivers\Middlewares\lvgl\src\draw\nxp\vglite\../../../lv_conf_internal.h(46): warning:  #161-D: unrecognized #pragma
          #pragma message("Possible failure to include lv_conf.h, please read the comment in this file if you get errors")
..\Drivers\Middlewares\lvgl\src\draw\nxp\vglite\lv_draw_vglite_rect.c: 1 warning, 0 errors
compiling lv_vglite_buf.c...
..\Drivers\Middlewares\lvgl\src\draw\nxp\vglite\../../../lv_conf_internal.h(46): warning:  #161-D: unrecognized #pragma
          #pragma message("Possible failure to include lv_conf.h, please read the comment in this file if you get errors")
..\Drivers\Middlewares\lvgl\src\draw\nxp\vglite\lv_vglite_buf.c: 1 warning, 0 errors
compiling lv_vglite_utils.c...
..\Drivers\Middlewares\lvgl\src\draw\nxp\vglite\../../../lv_conf_internal.h(46): warning:  #161-D: unrecognized #pragma
          #pragma message("Possible failure to include lv_conf.h, please read the comment in this file if you get errors")
..\Drivers\Middlewares\lvgl\src\draw\nxp\vglite\lv_vglite_utils.c: 1 warning, 0 errors
compiling lv_draw_sdl.c...
..\Drivers\Middlewares\lvgl\src\draw\sdl\../../lv_conf_internal.h(46): warning:  #161-D: unrecognized #pragma
          #pragma message("Possible failure to include lv_conf.h, please read the comment in this file if you get errors")
..\Drivers\Middlewares\lvgl\src\draw\sdl\lv_draw_sdl.c: 1 warning, 0 errors
compiling lv_draw_sdl_arc.c...
..\Drivers\Middlewares\lvgl\src\draw\sdl\../../lv_conf_internal.h(46): warning:  #161-D: unrecognized #pragma
          #pragma message("Possible failure to include lv_conf.h, please read the comment in this file if you get errors")
..\Drivers\Middlewares\lvgl\src\draw\sdl\lv_draw_sdl_arc.c: 1 warning, 0 errors
compiling lv_gpu_d2_draw_label.c...
..\Drivers\Middlewares\lvgl\src\draw\renesas\../../draw/../misc/../lv_conf_internal.h(46): warning:  #161-D: unrecognized #pragma
          #pragma message("Possible failure to include lv_conf.h, please read the comment in this file if you get errors")
..\Drivers\Middlewares\lvgl\src\draw\renesas\lv_gpu_d2_draw_label.c: 1 warning, 0 errors
compiling lv_draw_sdl_bg.c...
..\Drivers\Middlewares\lvgl\src\draw\sdl\../../lv_conf_internal.h(46): warning:  #161-D: unrecognized #pragma
          #pragma message("Possible failure to include lv_conf.h, please read the comment in this file if you get errors")
..\Drivers\Middlewares\lvgl\src\draw\sdl\lv_draw_sdl_bg.c: 1 warning, 0 errors
compiling lv_gpu_d2_ra6m3.c...
..\Drivers\Middlewares\lvgl\src\draw\renesas\../../misc/../lv_conf_internal.h(46): warning:  #161-D: unrecognized #pragma
          #pragma message("Possible failure to include lv_conf.h, please read the comment in this file if you get errors")
..\Drivers\Middlewares\lvgl\src\draw\renesas\lv_gpu_d2_ra6m3.c: 1 warning, 0 errors
compiling lv_draw_sdl_composite.c...
..\Drivers\Middlewares\lvgl\src\draw\sdl\../../lv_conf_internal.h(46): warning:  #161-D: unrecognized #pragma
          #pragma message("Possible failure to include lv_conf.h, please read the comment in this file if you get errors")
..\Drivers\Middlewares\lvgl\src\draw\sdl\lv_draw_sdl_composite.c: 1 warning, 0 errors
compiling lv_draw_sdl_img.c...
..\Drivers\Middlewares\lvgl\src\draw\sdl\../../lv_conf_internal.h(46): warning:  #161-D: unrecognized #pragma
          #pragma message("Possible failure to include lv_conf.h, please read the comment in this file if you get errors")
..\Drivers\Middlewares\lvgl\src\draw\sdl\lv_draw_sdl_img.c: 1 warning, 0 errors
compiling lv_draw_sdl_label.c...
..\Drivers\Middlewares\lvgl\src\draw\sdl\../../lv_conf_internal.h(46): warning:  #161-D: unrecognized #pragma
          #pragma message("Possible failure to include lv_conf.h, please read the comment in this file if you get errors")
..\Drivers\Middlewares\lvgl\src\draw\sdl\lv_draw_sdl_label.c: 1 warning, 0 errors
compiling lv_draw_sdl_layer.c...
..\Drivers\Middlewares\lvgl\src\draw\sdl\../../lv_conf_internal.h(46): warning:  #161-D: unrecognized #pragma
          #pragma message("Possible failure to include lv_conf.h, please read the comment in this file if you get errors")
..\Drivers\Middlewares\lvgl\src\draw\sdl\lv_draw_sdl_layer.c: 1 warning, 0 errors
compiling lv_draw_sdl_line.c...
..\Drivers\Middlewares\lvgl\src\draw\sdl\../../lv_conf_internal.h(46): warning:  #161-D: unrecognized #pragma
          #pragma message("Possible failure to include lv_conf.h, please read the comment in this file if you get errors")
..\Drivers\Middlewares\lvgl\src\draw\sdl\lv_draw_sdl_line.c: 1 warning, 0 errors
compiling lv_draw_sdl_mask.c...
..\Drivers\Middlewares\lvgl\src\draw\sdl\../../lv_conf_internal.h(46): warning:  #161-D: unrecognized #pragma
          #pragma message("Possible failure to include lv_conf.h, please read the comment in this file if you get errors")
..\Drivers\Middlewares\lvgl\src\draw\sdl\lv_draw_sdl_mask.c: 1 warning, 0 errors
compiling lv_draw_sdl_polygon.c...
..\Drivers\Middlewares\lvgl\src\draw\sdl\../../lv_conf_internal.h(46): warning:  #161-D: unrecognized #pragma
          #pragma message("Possible failure to include lv_conf.h, please read the comment in this file if you get errors")
..\Drivers\Middlewares\lvgl\src\draw\sdl\lv_draw_sdl_polygon.c: 1 warning, 0 errors
compiling lv_draw_sdl_rect.c...
..\Drivers\Middlewares\lvgl\src\draw\sdl\../../lv_conf_internal.h(46): warning:  #161-D: unrecognized #pragma
          #pragma message("Possible failure to include lv_conf.h, please read the comment in this file if you get errors")
..\Drivers\Middlewares\lvgl\src\draw\sdl\lv_draw_sdl_rect.c: 1 warning, 0 errors
compiling lv_draw_sdl_stack_blur.c...
..\Drivers\Middlewares\lvgl\src\draw\sdl\../../lv_conf_internal.h(46): warning:  #161-D: unrecognized #pragma
          #pragma message("Possible failure to include lv_conf.h, please read the comment in this file if you get errors")
..\Drivers\Middlewares\lvgl\src\draw\sdl\lv_draw_sdl_stack_blur.c: 1 warning, 0 errors
compiling lv_draw_sdl_texture_cache.c...
..\Drivers\Middlewares\lvgl\src\draw\sdl\../../lv_conf_internal.h(46): warning:  #161-D: unrecognized #pragma
          #pragma message("Possible failure to include lv_conf.h, please read the comment in this file if you get errors")
..\Drivers\Middlewares\lvgl\src\draw\sdl\lv_draw_sdl_texture_cache.c: 1 warning, 0 errors
compiling lv_draw_sdl_utils.c...
..\Drivers\Middlewares\lvgl\src\draw\sdl\../../lv_conf_internal.h(46): warning:  #161-D: unrecognized #pragma
          #pragma message("Possible failure to include lv_conf.h, please read the comment in this file if you get errors")
..\Drivers\Middlewares\lvgl\src\draw\sdl\lv_draw_sdl_utils.c: 1 warning, 0 errors
compiling lv_gpu_stm32_dma2d.c...
..\Drivers\Middlewares\lvgl\src\draw\stm32_dma2d\../../misc/../lv_conf_internal.h(46): warning:  #161-D: unrecognized #pragma
          #pragma message("Possible failure to include lv_conf.h, please read the comment in this file if you get errors")
..\Drivers\Middlewares\lvgl\src\draw\stm32_dma2d\lv_gpu_stm32_dma2d.c(796): warning:  #1-D: last line of file ends without a newline
  #endif // LV_USE_GPU_STM32_DMA2D
..\Drivers\Middlewares\lvgl\src\draw\stm32_dma2d\lv_gpu_stm32_dma2d.c: 2 warnings, 0 errors
compiling lv_draw_sw.c...
..\Drivers\Middlewares\lvgl\src\draw\sw\../../lv_conf_internal.h(46): warning:  #161-D: unrecognized #pragma
          #pragma message("Possible failure to include lv_conf.h, please read the comment in this file if you get errors")
..\Drivers\Middlewares\lvgl\src\draw\sw\lv_draw_sw.c: 1 warning, 0 errors
compiling lv_draw_sw_dither.c...
..\Drivers\Middlewares\lvgl\src\draw\sw\../../core/../misc/../lv_conf_internal.h(46): warning:  #161-D: unrecognized #pragma
          #pragma message("Possible failure to include lv_conf.h, please read the comment in this file if you get errors")
..\Drivers\Middlewares\lvgl\src\draw\sw\lv_draw_sw_dither.c: 1 warning, 0 errors
compiling lv_draw_sw_arc.c...
..\Drivers\Middlewares\lvgl\src\draw\sw\../../misc/../lv_conf_internal.h(46): warning:  #161-D: unrecognized #pragma
          #pragma message("Possible failure to include lv_conf.h, please read the comment in this file if you get errors")
..\Drivers\Middlewares\lvgl\src\draw\sw\lv_draw_sw_arc.c: 1 warning, 0 errors
compiling lv_draw_sw_gradient.c...
..\Drivers\Middlewares\lvgl\src\draw\sw\../../misc/../lv_conf_internal.h(46): warning:  #161-D: unrecognized #pragma
          #pragma message("Possible failure to include lv_conf.h, please read the comment in this file if you get errors")
..\Drivers\Middlewares\lvgl\src\draw\sw\lv_draw_sw_gradient.c: 1 warning, 0 errors
compiling lv_draw_sw_layer.c...
..\Drivers\Middlewares\lvgl\src\draw\sw\../../misc/../lv_conf_internal.h(46): warning:  #161-D: unrecognized #pragma
          #pragma message("Possible failure to include lv_conf.h, please read the comment in this file if you get errors")
..\Drivers\Middlewares\lvgl\src\draw\sw\lv_draw_sw_layer.c: 1 warning, 0 errors
compiling lv_draw_sw_blend.c...
..\Drivers\Middlewares\lvgl\src\draw\sw\../../misc/../lv_conf_internal.h(46): warning:  #161-D: unrecognized #pragma
          #pragma message("Possible failure to include lv_conf.h, please read the comment in this file if you get errors")
..\Drivers\Middlewares\lvgl\src\draw\sw\lv_draw_sw_blend.c: 1 warning, 0 errors
compiling lv_draw_sw_img.c...
..\Drivers\Middlewares\lvgl\src\draw\sw\../../misc/../lv_conf_internal.h(46): warning:  #161-D: unrecognized #pragma
          #pragma message("Possible failure to include lv_conf.h, please read the comment in this file if you get errors")
..\Drivers\Middlewares\lvgl\src\draw\sw\lv_draw_sw_img.c: 1 warning, 0 errors
compiling lv_draw_sw_polygon.c...
..\Drivers\Middlewares\lvgl\src\draw\sw\../../misc/../lv_conf_internal.h(46): warning:  #161-D: unrecognized #pragma
          #pragma message("Possible failure to include lv_conf.h, please read the comment in this file if you get errors")
..\Drivers\Middlewares\lvgl\src\draw\sw\lv_draw_sw_polygon.c: 1 warning, 0 errors
compiling lv_draw_sw_letter.c...
..\Drivers\Middlewares\lvgl\src\draw\sw\../../misc/../lv_conf_internal.h(46): warning:  #161-D: unrecognized #pragma
          #pragma message("Possible failure to include lv_conf.h, please read the comment in this file if you get errors")
..\Drivers\Middlewares\lvgl\src\draw\sw\lv_draw_sw_letter.c: 1 warning, 0 errors
compiling lv_gpu_swm341_dma2d.c...
..\Drivers\Middlewares\lvgl\src\draw\swm341_dma2d\../../misc/../lv_conf_internal.h(46): warning:  #161-D: unrecognized #pragma
          #pragma message("Possible failure to include lv_conf.h, please read the comment in this file if you get errors")
..\Drivers\Middlewares\lvgl\src\draw\swm341_dma2d\lv_gpu_swm341_dma2d.c: 1 warning, 0 errors
compiling lv_draw_sw_line.c...
..\Drivers\Middlewares\lvgl\src\draw\sw\../../misc/../lv_conf_internal.h(46): warning:  #161-D: unrecognized #pragma
          #pragma message("Possible failure to include lv_conf.h, please read the comment in this file if you get errors")
..\Drivers\Middlewares\lvgl\src\draw\sw\lv_draw_sw_line.c: 1 warning, 0 errors
compiling lv_draw_sw_transform.c...
..\Drivers\Middlewares\lvgl\src\draw\sw\../../misc/../lv_conf_internal.h(46): warning:  #161-D: unrecognized #pragma
          #pragma message("Possible failure to include lv_conf.h, please read the comment in this file if you get errors")
..\Drivers\Middlewares\lvgl\src\draw\sw\lv_draw_sw_transform.c: 1 warning, 0 errors
compiling lv_extra.c...
..\Drivers\Middlewares\lvgl\src\extra\../../src/misc/../lv_conf_internal.h(46): warning:  #161-D: unrecognized #pragma
          #pragma message("Possible failure to include lv_conf.h, please read the comment in this file if you get errors")
..\Drivers\Middlewares\lvgl\src\extra\lv_extra.c: 1 warning, 0 errors
compiling lv_draw_sw_rect.c...
..\Drivers\Middlewares\lvgl\src\draw\sw\../../misc/../lv_conf_internal.h(46): warning:  #161-D: unrecognized #pragma
          #pragma message("Possible failure to include lv_conf.h, please read the comment in this file if you get errors")
..\Drivers\Middlewares\lvgl\src\draw\sw\lv_draw_sw_rect.c(238): warning:  #546-D: transfer of control bypasses initialization of:
            variable "mask_any_center"  (declared at line 285)
          goto bg_clean_up;
          ^
..\Drivers\Middlewares\lvgl\src\draw\sw\lv_draw_sw_rect.c: 2 warnings, 0 errors
compiling lv_flex.c...
..\Drivers\Middlewares\lvgl\src\extra\layouts\flex\../flex/../../../core/../lv_conf_internal.h(46): warning:  #161-D: unrecognized #pragma
          #pragma message("Possible failure to include lv_conf.h, please read the comment in this file if you get errors")
..\Drivers\Middlewares\lvgl\src\extra\layouts\flex\lv_flex.c: 1 warning, 0 errors
compiling lv_bmp.c...
..\Drivers\Middlewares\lvgl\src\extra\libs\bmp\../../../../src/misc/../lv_conf_internal.h(46): warning:  #161-D: unrecognized #pragma
          #pragma message("Possible failure to include lv_conf.h, please read the comment in this file if you get errors")
..\Drivers\Middlewares\lvgl\src\extra\libs\bmp\lv_bmp.c: 1 warning, 0 errors
compiling lv_grid.c...
..\Drivers\Middlewares\lvgl\src\extra\layouts\grid\../flex/../../../core/../lv_conf_internal.h(46): warning:  #161-D: unrecognized #pragma
          #pragma message("Possible failure to include lv_conf.h, please read the comment in this file if you get errors")
..\Drivers\Middlewares\lvgl\src\extra\layouts\grid\lv_grid.c(591): warning:  #188-D: enumerated type mixed with another type
      lv_grid_align_t col_align = get_cell_col_align(item);
..\Drivers\Middlewares\lvgl\src\extra\layouts\grid\lv_grid.c(592): warning:  #188-D: enumerated type mixed with another type
      lv_grid_align_t row_align = get_cell_row_align(item);
..\Drivers\Middlewares\lvgl\src\extra\layouts\grid\lv_grid.c: 3 warnings, 0 errors
compiling lv_ffmpeg.c...
..\Drivers\Middlewares\lvgl\src\extra\libs\ffmpeg\../../../../src/misc/../lv_conf_internal.h(46): warning:  #161-D: unrecognized #pragma
          #pragma message("Possible failure to include lv_conf.h, please read the comment in this file if you get errors")
..\Drivers\Middlewares\lvgl\src\extra\libs\ffmpeg\lv_ffmpeg.c: 1 warning, 0 errors
compiling lv_fs_fatfs.c...
..\Drivers\Middlewares\lvgl\src\extra\libs\fsdrv\../../../../src/misc/../lv_conf_internal.h(46): warning:  #161-D: unrecognized #pragma
          #pragma message("Possible failure to include lv_conf.h, please read the comment in this file if you get errors")
..\Drivers\Middlewares\lvgl\src\extra\libs\fsdrv\lv_fs_fatfs.c: 1 warning, 0 errors
compiling lv_freetype.c...
..\Drivers\Middlewares\lvgl\src\extra\libs\freetype\../../../../src/misc/../lv_conf_internal.h(46): warning:  #161-D: unrecognized #pragma
          #pragma message("Possible failure to include lv_conf.h, please read the comment in this file if you get errors")
..\Drivers\Middlewares\lvgl\src\extra\libs\freetype\lv_freetype.c: 1 warning, 0 errors
compiling lv_fs_littlefs.c...
..\Drivers\Middlewares\lvgl\src\extra\libs\fsdrv\../../../../src/misc/../lv_conf_internal.h(46): warning:  #161-D: unrecognized #pragma
          #pragma message("Possible failure to include lv_conf.h, please read the comment in this file if you get errors")
..\Drivers\Middlewares\lvgl\src\extra\libs\fsdrv\lv_fs_littlefs.c: 1 warning, 0 errors
compiling lv_fs_posix.c...
..\Drivers\Middlewares\lvgl\src\extra\libs\fsdrv\../../../../src/misc/../lv_conf_internal.h(46): warning:  #161-D: unrecognized #pragma
          #pragma message("Possible failure to include lv_conf.h, please read the comment in this file if you get errors")
..\Drivers\Middlewares\lvgl\src\extra\libs\fsdrv\lv_fs_posix.c: 1 warning, 0 errors
compiling gifdec.c...
..\Drivers\Middlewares\lvgl\src\extra\libs\gif\../../../misc/../lv_conf_internal.h(46): warning:  #161-D: unrecognized #pragma
          #pragma message("Possible failure to include lv_conf.h, please read the comment in this file if you get errors")
..\Drivers\Middlewares\lvgl\src\extra\libs\gif\gifdec.c: 1 warning, 0 errors
compiling lv_fs_stdio.c...
..\Drivers\Middlewares\lvgl\src\extra\libs\fsdrv\../../../../src/misc/../lv_conf_internal.h(46): warning:  #161-D: unrecognized #pragma
          #pragma message("Possible failure to include lv_conf.h, please read the comment in this file if you get errors")
..\Drivers\Middlewares\lvgl\src\extra\libs\fsdrv\lv_fs_stdio.c: 1 warning, 0 errors
compiling lv_fs_win32.c...
..\Drivers\Middlewares\lvgl\src\extra\libs\fsdrv\../../../../src/misc/../lv_conf_internal.h(46): warning:  #161-D: unrecognized #pragma
          #pragma message("Possible failure to include lv_conf.h, please read the comment in this file if you get errors")
..\Drivers\Middlewares\lvgl\src\extra\libs\fsdrv\lv_fs_win32.c: 1 warning, 0 errors
compiling tjpgd.c...
..\Drivers\Middlewares\lvgl\src\extra\libs\sjpg\../../../lv_conf_internal.h(46): warning:  #161-D: unrecognized #pragma
          #pragma message("Possible failure to include lv_conf.h, please read the comment in this file if you get errors")
..\Drivers\Middlewares\lvgl\src\extra\libs\sjpg\tjpgd.c: 1 warning, 0 errors
compiling lv_gif.c...
..\Drivers\Middlewares\lvgl\src\extra\libs\gif\../../../../src/misc/../lv_conf_internal.h(46): warning:  #161-D: unrecognized #pragma
          #pragma message("Possible failure to include lv_conf.h, please read the comment in this file if you get errors")
..\Drivers\Middlewares\lvgl\src\extra\libs\gif\lv_gif.c: 1 warning, 0 errors
compiling lv_png.c...
..\Drivers\Middlewares\lvgl\src\extra\libs\png\../../../../src/misc/../lv_conf_internal.h(46): warning:  #161-D: unrecognized #pragma
          #pragma message("Possible failure to include lv_conf.h, please read the comment in this file if you get errors")
..\Drivers\Middlewares\lvgl\src\extra\libs\png\lv_png.c: 1 warning, 0 errors
compiling lodepng.c...
..\Drivers\Middlewares\lvgl\src\extra\libs\png\../../../../src/misc/../lv_conf_internal.h(46): warning:  #161-D: unrecognized #pragma
          #pragma message("Possible failure to include lv_conf.h, please read the comment in this file if you get errors")
..\Drivers\Middlewares\lvgl\src\extra\libs\png\lodepng.c: 1 warning, 0 errors
compiling lv_qrcode.c...
..\Drivers\Middlewares\lvgl\src\extra\libs\qrcode\../../../../src/misc/../lv_conf_internal.h(46): warning:  #161-D: unrecognized #pragma
          #pragma message("Possible failure to include lv_conf.h, please read the comment in this file if you get errors")
..\Drivers\Middlewares\lvgl\src\extra\libs\qrcode\lv_qrcode.c: 1 warning, 0 errors
compiling lv_fragment.c...
..\Drivers\Middlewares\lvgl\src\extra\others\fragment\../../../lv_conf_internal.h(46): warning:  #161-D: unrecognized #pragma
          #pragma message("Possible failure to include lv_conf.h, please read the comment in this file if you get errors")
..\Drivers\Middlewares\lvgl\src\extra\others\fragment\lv_fragment.c: 1 warning, 0 errors
compiling qrcodegen.c...
..\Drivers\Middlewares\lvgl\src\extra\libs\qrcode\../../../misc/../lv_conf_internal.h(46): warning:  #161-D: unrecognized #pragma
          #pragma message("Possible failure to include lv_conf.h, please read the comment in this file if you get errors")
..\Drivers\Middlewares\lvgl\src\extra\libs\qrcode\qrcodegen.c(278): warning:  #188-D: enumerated type mixed with another type
  	applyMask(tempBuffer, qrcode, mask);
..\Drivers\Middlewares\lvgl\src\extra\libs\qrcode\qrcodegen.c(279): warning:  #188-D: enumerated type mixed with another type
  	drawFormatBits(ecl, mask, qrcode);
..\Drivers\Middlewares\lvgl\src\extra\libs\qrcode\qrcodegen.c(620): warning:  #111-D: statement is unreachable
  				default:  
V_ASSERT(false);  return;
..\Drivers\Middlewares\lvgl\src\extra\libs\qrcode\qrcodegen.c(853): warning:  #111-D: statement is unreachable
  		return -1;
..\Drivers\Middlewares\lvgl\src\extra\libs\qrcode\qrcodegen.c(1008): warning:  #111-D: statement is unreachable
  		default:  
V_ASSERT(false);  return -1;  // Dummy value
..\Drivers\Middlewares\lvgl\src\extra\libs\qrcode\qrcodegen.c: 6 warnings, 0 errors
compiling lv_rlottie.c...
..\Drivers\Middlewares\lvgl\src\extra\libs\rlottie\../../../../src/misc/../lv_conf_internal.h(46): warning:  #161-D: unrecognized #pragma
          #pragma message("Possible failure to include lv_conf.h, please read the comment in this file if you get errors")
..\Drivers\Middlewares\lvgl\src\extra\libs\rlottie\lv_rlottie.c: 1 warning, 0 errors
compiling lv_sjpg.c...
..\Drivers\Middlewares\lvgl\src\extra\libs\sjpg\../../../../src/misc/../lv_conf_internal.h(46): warning:  #161-D: unrecognized #pragma
          #pragma message("Possible failure to include lv_conf.h, please read the comment in this file if you get errors")
..\Drivers\Middlewares\lvgl\src\extra\libs\sjpg\lv_sjpg.c: 1 warning, 0 errors
compiling lv_tiny_ttf.c...
..\Drivers\Middlewares\lvgl\src\extra\libs\tiny_ttf\../../../../src/misc/../lv_conf_internal.h(46): warning:  #161-D: unrecognized #pragma
          #pragma message("Possible failure to include lv_conf.h, please read the comment in this file if you get errors")
..\Drivers\Middlewares\lvgl\src\extra\libs\tiny_ttf\lv_tiny_ttf.c: 1 warning, 0 errors
compiling lv_fragment_manager.c...
..\Drivers\Middlewares\lvgl\src\extra\others\fragment\../../../lv_conf_internal.h(46): warning:  #161-D: unrecognized #pragma
          #pragma message("Possible failure to include lv_conf.h, please read the comment in this file if you get errors")
..\Drivers\Middlewares\lvgl\src\extra\others\fragment\lv_fragment_manager.c: 1 warning, 0 errors
compiling lv_gridnav.c...
..\Drivers\Middlewares\lvgl\src\extra\others\gridnav\../../../core/../lv_conf_internal.h(46): warning:  #161-D: unrecognized #pragma
          #pragma message("Possible failure to include lv_conf.h, please read the comment in this file if you get errors")
..\Drivers\Middlewares\lvgl\src\extra\others\gridnav\lv_gridnav.c: 1 warning, 0 errors
compiling lv_msg.c...
..\Drivers\Middlewares\lvgl\src\extra\others\msg\../../../core/../lv_conf_internal.h(46): warning:  #161-D: unrecognized #pragma
          #pragma message("Possible failure to include lv_conf.h, please read the comment in this file if you get errors")
..\Drivers\Middlewares\lvgl\src\extra\others\msg\lv_msg.c: 1 warning, 0 errors
compiling lv_snapshot.c...
..\Drivers\Middlewares\lvgl\src\extra\others\snapshot\../../../lv_conf_internal.h(46): warning:  #161-D: unrecognized #pragma
          #pragma message("Possible failure to include lv_conf.h, please read the comment in this file if you get errors")
..\Drivers\Middlewares\lvgl\src\extra\others\snapshot\lv_snapshot.c: 1 warning, 0 errors
compiling lv_ime_pinyin.c...
..\Drivers\Middlewares\lvgl\src\extra\others\ime\../../../../src/misc/../lv_conf_internal.h(46): warning:  #161-D: unrecognized #pragma
          #pragma message("Possible failure to include lv_conf.h, please read the comment in this file if you get errors")
..\Drivers\Middlewares\lvgl\src\extra\others\ime\lv_ime_pinyin.c: 1 warning, 0 errors
compiling lv_monkey.c...
..\Drivers\Middlewares\lvgl\src\extra\others\monkey\../../../../src/misc/../lv_conf_internal.h(46): warning:  #161-D: unrecognized #pragma
          #pragma message("Possible failure to include lv_conf.h, please read the comment in this file if you get errors")
..\Drivers\Middlewares\lvgl\src\extra\others\monkey\lv_monkey.c: 1 warning, 0 errors
compiling lv_imgfont.c...
..\Drivers\Middlewares\lvgl\src\extra\others\imgfont\../../../../src/misc/../lv_conf_internal.h(46): warning:  #161-D: unrecognized #pragma
          #pragma message("Possible failure to include lv_conf.h, please read the comment in this file if you get errors")
..\Drivers\Middlewares\lvgl\src\extra\others\imgfont\lv_imgfont.c: 1 warning, 0 errors
compiling lv_theme_basic.c...
..\Drivers\Middlewares\lvgl\src\extra\themes\basic\../../../../src/misc/../lv_conf_internal.h(46): warning:  #161-D: unrecognized #pragma
          #pragma message("Possible failure to include lv_conf.h, please read the comment in this file if you get errors")
..\Drivers\Middlewares\lvgl\src\extra\themes\basic\lv_theme_basic.c: 1 warning, 0 errors
compiling lv_calendar_header_arrow.c...
..\Drivers\Middlewares\lvgl\src\extra\widgets\calendar\../../../core/../lv_conf_internal.h(46): warning:  #161-D: unrecognized #pragma
          #pragma message("Possible failure to include lv_conf.h, please read the comment in this file if you get errors")
..\Drivers\Middlewares\lvgl\src\extra\widgets\calendar\lv_calendar_header_arrow.c: 1 warning, 0 errors
compiling lv_animimg.c...
..\Drivers\Middlewares\lvgl\src\extra\widgets\animimg\../../../../src/misc/../lv_conf_internal.h(46): warning:  #161-D: unrecognized #pragma
          #pragma message("Possible failure to include lv_conf.h, please read the comment in this file if you get errors")
..\Drivers\Middlewares\lvgl\src\extra\widgets\animimg\lv_animimg.c: 1 warning, 0 errors
compiling lv_theme_mono.c...
..\Drivers\Middlewares\lvgl\src\extra\themes\mono\../../../../src/misc/../lv_conf_internal.h(46): warning:  #161-D: unrecognized #pragma
          #pragma message("Possible failure to include lv_conf.h, please read the comment in this file if you get errors")
..\Drivers\Middlewares\lvgl\src\extra\themes\mono\lv_theme_mono.c: 1 warning, 0 errors
compiling lv_calendar_header_dropdown.c...
..\Drivers\Middlewares\lvgl\src\extra\widgets\calendar\../../../core/../lv_conf_internal.h(46): warning:  #161-D: unrecognized #pragma
          #pragma message("Possible failure to include lv_conf.h, please read the comment in this file if you get errors")
..\Drivers\Middlewares\lvgl\src\extra\widgets\calendar\lv_calendar_header_dropdown.c: 1 warning, 0 errors
compiling lv_calendar.c...
..\Drivers\Middlewares\lvgl\src\extra\widgets\calendar\../../../widgets/../lv_conf_internal.h(46): warning:  #161-D: unrecognized #pragma
          #pragma message("Possible failure to include lv_conf.h, please read the comment in this file if you get errors")
..\Drivers\Middlewares\lvgl\src\extra\widgets\calendar\lv_calendar.c: 1 warning, 0 errors
compiling lv_keyboard.c...
..\Drivers\Middlewares\lvgl\src\extra\widgets\keyboard\../../../widgets/../lv_conf_internal.h(46): warning:  #161-D: unrecognized #pragma
          #pragma message("Possible failure to include lv_conf.h, please read the comment in this file if you get errors")
..\Drivers\Middlewares\lvgl\src\extra\widgets\keyboard\lv_keyboard.c: 1 warning, 0 errors
compiling lv_theme_default.c...
..\Drivers\Middlewares\lvgl\src\extra\themes\default\../../../../src/misc/../lv_conf_internal.h(46): warning:  #161-D: unrecognized #pragma
          #pragma message("Possible failure to include lv_conf.h, please read the comment in this file if you get errors")
..\Drivers\Middlewares\lvgl\src\extra\themes\default\lv_theme_default.c(213): warning:  #188-D: enumerated type mixed with another type
..\Drivers\Middlewares\lvgl\src\extra\themes\default\lv_theme_default.c: 2 warnings, 0 errors
compiling lv_imgbtn.c...
..\Drivers\Middlewares\lvgl\src\extra\widgets\imgbtn\../../../../src/misc/../lv_conf_internal.h(46): warning:  #161-D: unrecognized #pragma
          #pragma message("Possible failure to include lv_conf.h, please read the comment in this file if you get errors")
..\Drivers\Middlewares\lvgl\src\extra\widgets\imgbtn\lv_imgbtn.c: 1 warning, 0 errors
compiling lv_colorwheel.c...
..\Drivers\Middlewares\lvgl\src\extra\widgets\colorwheel\../../../../src/misc/../lv_conf_internal.h(46): warning:  #161-D: unrecognized #pragma
          #pragma message("Possible failure to include lv_conf.h, please read the comment in this file if you get errors")
..\Drivers\Middlewares\lvgl\src\extra\widgets\colorwheel\lv_colorwheel.c: 1 warning, 0 errors
compiling lv_list.c...
..\Drivers\Middlewares\lvgl\src\extra\widgets\list\../../../core/../lv_conf_internal.h(46): warning:  #161-D: unrecognized #pragma
          #pragma message("Possible failure to include lv_conf.h, please read the comment in this file if you get errors")
..\Drivers\Middlewares\lvgl\src\extra\widgets\list\lv_list.c: 1 warning, 0 errors
compiling lv_menu.c...
..\Drivers\Middlewares\lvgl\src\extra\widgets\menu\../../../core/../lv_conf_internal.h(46): warning:  #161-D: unrecognized #pragma
          #pragma message("Possible failure to include lv_conf.h, please read the comment in this file if you get errors")
..\Drivers\Middlewares\lvgl\src\extra\widgets\menu\lv_menu.c: 1 warning, 0 errors
compiling lv_led.c...
..\Drivers\Middlewares\lvgl\src\extra\widgets\led\../../../../src/misc/../lv_conf_internal.h(46): warning:  #161-D: unrecognized #pragma
          #pragma message("Possible failure to include lv_conf.h, please read the comment in this file if you get errors")
..\Drivers\Middlewares\lvgl\src\extra\widgets\led\lv_led.c: 1 warning, 0 errors
compiling lv_msgbox.c...
..\Drivers\Middlewares\lvgl\src\extra\widgets\msgbox\../../../../src/misc/../lv_conf_internal.h(46): warning:  #161-D: unrecognized #pragma
          #pragma message("Possible failure to include lv_conf.h, please read the comment in this file if you get errors")
..\Drivers\Middlewares\lvgl\src\extra\widgets\msgbox\lv_msgbox.c: 1 warning, 0 errors
compiling lv_chart.c...
..\Drivers\Middlewares\lvgl\src\extra\widgets\chart\../../../../src/misc/../lv_conf_internal.h(46): warning:  #161-D: unrecognized #pragma
          #pragma message("Possible failure to include lv_conf.h, please read the comment in this file if you get errors")
..\Drivers\Middlewares\lvgl\src\extra\widgets\chart\lv_chart.c: 1 warning, 0 errors
compiling lv_meter.c...
..\Drivers\Middlewares\lvgl\src\extra\widgets\meter\../../../../src/misc/../lv_conf_internal.h(46): warning:  #161-D: unrecognized #pragma
          #pragma message("Possible failure to include lv_conf.h, please read the comment in this file if you get errors")
..\Drivers\Middlewares\lvgl\src\extra\widgets\meter\lv_meter.c: 1 warning, 0 errors
compiling lv_spinbox.c...
..\Drivers\Middlewares\lvgl\src\extra\widgets\spinbox\../../../../src/misc/../lv_conf_internal.h(46): warning:  #161-D: unrecognized #pragma
          #pragma message("Possible failure to include lv_conf.h, please read the comment in this file if you get errors")
..\Drivers\Middlewares\lvgl\src\extra\widgets\spinbox\lv_spinbox.c: 1 warning, 0 errors
compiling lv_tileview.c...
..\Drivers\Middlewares\lvgl\src\extra\widgets\tileview\../../../core/../lv_conf_internal.h(46): warning:  #161-D: unrecognized #pragma
          #pragma message("Possible failure to include lv_conf.h, please read the comment in this file if you get errors")
..\Drivers\Middlewares\lvgl\src\extra\widgets\tileview\lv_tileview.c: 1 warning, 0 errors
compiling lv_spinner.c...
..\Drivers\Middlewares\lvgl\src\extra\widgets\spinner\../../../../src/misc/../lv_conf_internal.h(46): warning:  #161-D: unrecognized #pragma
          #pragma message("Possible failure to include lv_conf.h, please read the comment in this file if you get errors")
..\Drivers\Middlewares\lvgl\src\extra\widgets\spinner\lv_spinner.c: 1 warning, 0 errors
compiling lv_tabview.c...
..\Drivers\Middlewares\lvgl\src\extra\widgets\tabview\../../../../src/misc/../lv_conf_internal.h(46): warning:  #161-D: unrecognized #pragma
          #pragma message("Possible failure to include lv_conf.h, please read the comment in this file if you get errors")
..\Drivers\Middlewares\lvgl\src\extra\widgets\tabview\lv_tabview.c: 1 warning, 0 errors
compiling lv_font.c...
..\Drivers\Middlewares\lvgl\src\font\../lv_conf_internal.h(46): warning:  #161-D: unrecognized #pragma
          #pragma message("Possible failure to include lv_conf.h, please read the comment in this file if you get errors")
..\Drivers\Middlewares\lvgl\src\font\lv_font.c: 1 warning, 0 errors
compiling lv_span.c...
..\Drivers\Middlewares\lvgl\src\extra\widgets\span\../../../../src/misc/../lv_conf_internal.h(46): warning:  #161-D: unrecognized #pragma
          #pragma message("Possible failure to include lv_conf.h, please read the comment in this file if you get errors")
..\Drivers\Middlewares\lvgl\src\extra\widgets\span\lv_span.c(901): warning:  #546-D: transfer of control bypasses initialization of:
            variable "align"  (declared at line 905)
              goto Next_line_init;
              ^
..\Drivers\Middlewares\lvgl\src\extra\widgets\span\lv_span.c: 2 warnings, 0 errors
compiling lv_font_fmt_txt.c...
..\Drivers\Middlewares\lvgl\src\font\../lv_conf_internal.h(46): warning:  #161-D: unrecognized #pragma
          #pragma message("Possible failure to include lv_conf.h, please read the comment in this file if you get errors")
..\Drivers\Middlewares\lvgl\src\font\lv_font_fmt_txt.c(137): warning:  #111-D: statement is unreachable
      return NULL;
..\Drivers\Middlewares\lvgl\src\font\lv_font_fmt_txt.c: 2 warnings, 0 errors
compiling lv_win.c...
..\Drivers\Middlewares\lvgl\src\extra\widgets\win\../../../../src/misc/../lv_conf_internal.h(46): warning:  #161-D: unrecognized #pragma
          #pragma message("Possible failure to include lv_conf.h, please read the comment in this file if you get errors")
..\Drivers\Middlewares\lvgl\src\extra\widgets\win\lv_win.c: 1 warning, 0 errors
compiling lv_font_dejavu_16_persian_hebrew.c...
..\Drivers\Middlewares\lvgl\src\font\../../src/misc/../lv_conf_internal.h(46): warning:  #161-D: unrecognized #pragma
          #pragma message("Possible failure to include lv_conf.h, please read the comment in this file if you get errors")
..\Drivers\Middlewares\lvgl\src\font\lv_font_dejavu_16_persian_hebrew.c: 1 warning, 0 errors
compiling lv_font_montserrat_8.c...
..\Drivers\Middlewares\lvgl\src\font\../../src/misc/../lv_conf_internal.h(46): warning:  #161-D: unrecognized #pragma
          #pragma message("Possible failure to include lv_conf.h, please read the comment in this file if you get errors")
..\Drivers\Middlewares\lvgl\src\font\lv_font_montserrat_8.c: 1 warning, 0 errors
compiling lv_font_montserrat_10.c...
..\Drivers\Middlewares\lvgl\src\font\../../src/misc/../lv_conf_internal.h(46): warning:  #161-D: unrecognized #pragma
          #pragma message("Possible failure to include lv_conf.h, please read the comment in this file if you get errors")
..\Drivers\Middlewares\lvgl\src\font\lv_font_montserrat_10.c: 1 warning, 0 errors
compiling lv_font_loader.c...
..\Drivers\Middlewares\lvgl\src\font\../../src/misc/../lv_conf_internal.h(46): warning:  #161-D: unrecognized #pragma
          #pragma message("Possible failure to include lv_conf.h, please read the comment in this file if you get errors")
..\Drivers\Middlewares\lvgl\src\font\lv_font_loader.c: 1 warning, 0 errors
compiling lv_font_montserrat_12_subpx.c...
..\Drivers\Middlewares\lvgl\src\font\../../src/misc/../lv_conf_internal.h(46): warning:  #161-D: unrecognized #pragma
          #pragma message("Possible failure to include lv_conf.h, please read the comment in this file if you get errors")
..\Drivers\Middlewares\lvgl\src\font\lv_font_montserrat_12_subpx.c: 1 warning, 0 errors
compiling lv_font_montserrat_16.c...
..\Drivers\Middlewares\lvgl\src\font\../../src/misc/../lv_conf_internal.h(46): warning:  #161-D: unrecognized #pragma
          #pragma message("Possible failure to include lv_conf.h, please read the comment in this file if you get errors")
..\Drivers\Middlewares\lvgl\src\font\lv_font_montserrat_16.c: 1 warning, 0 errors
compiling lv_font_montserrat_12.c...
..\Drivers\Middlewares\lvgl\src\font\../../src/misc/../lv_conf_internal.h(46): warning:  #161-D: unrecognized #pragma
          #pragma message("Possible failure to include lv_conf.h, please read the comment in this file if you get errors")
..\Drivers\Middlewares\lvgl\src\font\lv_font_montserrat_12.c: 1 warning, 0 errors
compiling lv_font_montserrat_14.c...
..\Drivers\Middlewares\lvgl\src\font\../../src/misc/../lv_conf_internal.h(46): warning:  #161-D: unrecognized #pragma
          #pragma message("Possible failure to include lv_conf.h, please read the comment in this file if you get errors")
..\Drivers\Middlewares\lvgl\src\font\lv_font_montserrat_14.c: 1 warning, 0 errors
compiling lv_font_montserrat_18.c...
..\Drivers\Middlewares\lvgl\src\font\../../src/misc/../lv_conf_internal.h(46): warning:  #161-D: unrecognized #pragma
          #pragma message("Possible failure to include lv_conf.h, please read the comment in this file if you get errors")
..\Drivers\Middlewares\lvgl\src\font\lv_font_montserrat_18.c: 1 warning, 0 errors
compiling lv_font_montserrat_20.c...
..\Drivers\Middlewares\lvgl\src\font\../../src/misc/../lv_conf_internal.h(46): warning:  #161-D: unrecognized #pragma
          #pragma message("Possible failure to include lv_conf.h, please read the comment in this file if you get errors")
..\Drivers\Middlewares\lvgl\src\font\lv_font_montserrat_20.c: 1 warning, 0 errors
compiling lv_font_montserrat_22.c...
..\Drivers\Middlewares\lvgl\src\font\../../src/misc/../lv_conf_internal.h(46): warning:  #161-D: unrecognized #pragma
          #pragma message("Possible failure to include lv_conf.h, please read the comment in this file if you get errors")
..\Drivers\Middlewares\lvgl\src\font\lv_font_montserrat_22.c: 1 warning, 0 errors
compiling lv_font_montserrat_24.c...
..\Drivers\Middlewares\lvgl\src\font\../../src/misc/../lv_conf_internal.h(46): warning:  #161-D: unrecognized #pragma
          #pragma message("Possible failure to include lv_conf.h, please read the comment in this file if you get errors")
..\Drivers\Middlewares\lvgl\src\font\lv_font_montserrat_24.c: 1 warning, 0 errors
compiling lv_font_montserrat_26.c...
..\Drivers\Middlewares\lvgl\src\font\../../src/misc/../lv_conf_internal.h(46): warning:  #161-D: unrecognized #pragma
          #pragma message("Possible failure to include lv_conf.h, please read the comment in this file if you get errors")
..\Drivers\Middlewares\lvgl\src\font\lv_font_montserrat_26.c: 1 warning, 0 errors
compiling lv_font_montserrat_28.c...
..\Drivers\Middlewares\lvgl\src\font\../../src/misc/../lv_conf_internal.h(46): warning:  #161-D: unrecognized #pragma
          #pragma message("Possible failure to include lv_conf.h, please read the comment in this file if you get errors")
..\Drivers\Middlewares\lvgl\src\font\lv_font_montserrat_28.c: 1 warning, 0 errors
compiling lv_font_montserrat_28_compressed.c...
..\Drivers\Middlewares\lvgl\src\font\../../src/misc/../lv_conf_internal.h(46): warning:  #161-D: unrecognized #pragma
          #pragma message("Possible failure to include lv_conf.h, please read the comment in this file if you get errors")
..\Drivers\Middlewares\lvgl\src\font\lv_font_montserrat_28_compressed.c: 1 warning, 0 errors
compiling lv_font_montserrat_30.c...
..\Drivers\Middlewares\lvgl\src\font\../../src/misc/../lv_conf_internal.h(46): warning:  #161-D: unrecognized #pragma
          #pragma message("Possible failure to include lv_conf.h, please read the comment in this file if you get errors")
..\Drivers\Middlewares\lvgl\src\font\lv_font_montserrat_30.c: 1 warning, 0 errors
compiling lv_font_montserrat_32.c...
..\Drivers\Middlewares\lvgl\src\font\../../src/misc/../lv_conf_internal.h(46): warning:  #161-D: unrecognized #pragma
          #pragma message("Possible failure to include lv_conf.h, please read the comment in this file if you get errors")
..\Drivers\Middlewares\lvgl\src\font\lv_font_montserrat_32.c: 1 warning, 0 errors
compiling lv_font_montserrat_34.c...
..\Drivers\Middlewares\lvgl\src\font\../../src/misc/../lv_conf_internal.h(46): warning:  #161-D: unrecognized #pragma
          #pragma message("Possible failure to include lv_conf.h, please read the comment in this file if you get errors")
..\Drivers\Middlewares\lvgl\src\font\lv_font_montserrat_34.c: 1 warning, 0 errors
compiling lv_font_montserrat_38.c...
..\Drivers\Middlewares\lvgl\src\font\../../src/misc/../lv_conf_internal.h(46): warning:  #161-D: unrecognized #pragma
          #pragma message("Possible failure to include lv_conf.h, please read the comment in this file if you get errors")
..\Drivers\Middlewares\lvgl\src\font\lv_font_montserrat_38.c: 1 warning, 0 errors
compiling lv_font_montserrat_36.c...
..\Drivers\Middlewares\lvgl\src\font\../../src/misc/../lv_conf_internal.h(46): warning:  #161-D: unrecognized #pragma
          #pragma message("Possible failure to include lv_conf.h, please read the comment in this file if you get errors")
..\Drivers\Middlewares\lvgl\src\font\lv_font_montserrat_36.c: 1 warning, 0 errors
compiling lv_font_montserrat_42.c...
..\Drivers\Middlewares\lvgl\src\font\../../src/misc/../lv_conf_internal.h(46): warning:  #161-D: unrecognized #pragma
          #pragma message("Possible failure to include lv_conf.h, please read the comment in this file if you get errors")
..\Drivers\Middlewares\lvgl\src\font\lv_font_montserrat_42.c: 1 warning, 0 errors
compiling lv_font_montserrat_40.c...
..\Drivers\Middlewares\lvgl\src\font\../../src/misc/../lv_conf_internal.h(46): warning:  #161-D: unrecognized #pragma
          #pragma message("Possible failure to include lv_conf.h, please read the comment in this file if you get errors")
..\Drivers\Middlewares\lvgl\src\font\lv_font_montserrat_40.c: 1 warning, 0 errors
compiling lv_font_montserrat_44.c...
..\Drivers\Middlewares\lvgl\src\font\../../src/misc/../lv_conf_internal.h(46): warning:  #161-D: unrecognized #pragma
          #pragma message("Possible failure to include lv_conf.h, please read the comment in this file if you get errors")
..\Drivers\Middlewares\lvgl\src\font\lv_font_montserrat_44.c: 1 warning, 0 errors
compiling lv_hal_tick.c...
..\Drivers\Middlewares\lvgl\src\hal\../lv_conf_internal.h(46): warning:  #161-D: unrecognized #pragma
          #pragma message("Possible failure to include lv_conf.h, please read the comment in this file if you get errors")
..\Drivers\Middlewares\lvgl\src\hal\lv_hal_tick.c: 1 warning, 0 errors
compiling lv_font_montserrat_48.c...
..\Drivers\Middlewares\lvgl\src\font\../../src/misc/../lv_conf_internal.h(46): warning:  #161-D: unrecognized #pragma
          #pragma message("Possible failure to include lv_conf.h, please read the comment in this file if you get errors")
..\Drivers\Middlewares\lvgl\src\font\lv_font_montserrat_48.c: 1 warning, 0 errors
compiling lv_font_montserrat_46.c...
..\Drivers\Middlewares\lvgl\src\font\../../src/misc/../lv_conf_internal.h(46): warning:  #161-D: unrecognized #pragma
          #pragma message("Possible failure to include lv_conf.h, please read the comment in this file if you get errors")
..\Drivers\Middlewares\lvgl\src\font\lv_font_montserrat_46.c: 1 warning, 0 errors
compiling lv_hal_indev.c...
..\Drivers\Middlewares\lvgl\src\hal\../misc/../lv_conf_internal.h(46): warning:  #161-D: unrecognized #pragma
          #pragma message("Possible failure to include lv_conf.h, please read the comment in this file if you get errors")
..\Drivers\Middlewares\lvgl\src\hal\lv_hal_indev.c: 1 warning, 0 errors
compiling lv_font_simsun_16_cjk.c...
..\Drivers\Middlewares\lvgl\src\font\../../src/misc/../lv_conf_internal.h(46): warning:  #161-D: unrecognized #pragma
          #pragma message("Possible failure to include lv_conf.h, please read the comment in this file if you get errors")
..\Drivers\Middlewares\lvgl\src\font\lv_font_simsun_16_cjk.c: 1 warning, 0 errors
compiling lv_font_unscii_8.c...
..\Drivers\Middlewares\lvgl\src\font\../../src/misc/../lv_conf_internal.h(46): warning:  #161-D: unrecognized #pragma
          #pragma message("Possible failure to include lv_conf.h, please read the comment in this file if you get errors")
..\Drivers\Middlewares\lvgl\src\font\lv_font_unscii_8.c: 1 warning, 0 errors
compiling lv_font_unscii_16.c...
..\Drivers\Middlewares\lvgl\src\font\../../src/misc/../lv_conf_internal.h(46): warning:  #161-D: unrecognized #pragma
          #pragma message("Possible failure to include lv_conf.h, please read the comment in this file if you get errors")
..\Drivers\Middlewares\lvgl\src\font\lv_font_unscii_16.c: 1 warning, 0 errors
compiling lv_hal_disp.c...
..\Drivers\Middlewares\lvgl\src\hal\../draw/../lv_conf_internal.h(46): warning:  #161-D: unrecognized #pragma
          #pragma message("Possible failure to include lv_conf.h, please read the comment in this file if you get errors")
..\Drivers\Middlewares\lvgl\src\hal\lv_hal_disp.c(582): warning:  #188-D: enumerated type mixed with another type
      return disp->driver->rotated;
..\Drivers\Middlewares\lvgl\src\hal\lv_hal_disp.c: 2 warnings, 0 errors
compiling lv_anim_timeline.c...
..\Drivers\Middlewares\lvgl\src\misc\../lv_conf_internal.h(46): warning:  #161-D: unrecognized #pragma
          #pragma message("Possible failure to include lv_conf.h, please read the comment in this file if you get errors")
..\Drivers\Middlewares\lvgl\src\misc\lv_anim_timeline.c: 1 warning, 0 errors
compiling lv_anim.c...
..\Drivers\Middlewares\lvgl\src\misc\../lv_conf_internal.h(46): warning:  #161-D: unrecognized #pragma
          #pragma message("Possible failure to include lv_conf.h, please read the comment in this file if you get errors")
..\Drivers\Middlewares\lvgl\src\misc\lv_anim.c: 1 warning, 0 errors
compiling lv_area.c...
..\Drivers\Middlewares\lvgl\src\misc\../lv_conf_internal.h(46): warning:  #161-D: unrecognized #pragma
          #pragma message("Possible failure to include lv_conf.h, please read the comment in this file if you get errors")
..\Drivers\Middlewares\lvgl\src\misc\lv_area.c: 1 warning, 0 errors
compiling lv_async.c...
..\Drivers\Middlewares\lvgl\src\misc\../lv_conf_internal.h(46): warning:  #161-D: unrecognized #pragma
          #pragma message("Possible failure to include lv_conf.h, please read the comment in this file if you get errors")
..\Drivers\Middlewares\lvgl\src\misc\lv_async.c: 1 warning, 0 errors
compiling lv_bidi.c...
..\Drivers\Middlewares\lvgl\src\misc\../lv_conf_internal.h(46): warning:  #161-D: unrecognized #pragma
          #pragma message("Possible failure to include lv_conf.h, please read the comment in this file if you get errors")
..\Drivers\Middlewares\lvgl\src\misc\lv_bidi.c: 1 warning, 0 errors
compiling lv_color.c...
..\Drivers\Middlewares\lvgl\src\misc\../lv_conf_internal.h(46): warning:  #161-D: unrecognized #pragma
          #pragma message("Possible failure to include lv_conf.h, please read the comment in this file if you get errors")
..\Drivers\Middlewares\lvgl\src\misc\lv_color.c: 1 warning, 0 errors
compiling lv_gc.c...
..\Drivers\Middlewares\lvgl\src\misc\../lv_conf_internal.h(46): warning:  #161-D: unrecognized #pragma
          #pragma message("Possible failure to include lv_conf.h, please read the comment in this file if you get errors")
..\Drivers\Middlewares\lvgl\src\misc\lv_gc.c: 1 warning, 0 errors
compiling lv_fs.c...
..\Drivers\Middlewares\lvgl\src\misc\../lv_conf_internal.h(46): warning:  #161-D: unrecognized #pragma
          #pragma message("Possible failure to include lv_conf.h, please read the comment in this file if you get errors")
..\Drivers\Middlewares\lvgl\src\misc\lv_fs.c: 1 warning, 0 errors
compiling lv_log.c...
..\Drivers\Middlewares\lvgl\src\misc\../lv_conf_internal.h(46): warning:  #161-D: unrecognized #pragma
          #pragma message("Possible failure to include lv_conf.h, please read the comment in this file if you get errors")
..\Drivers\Middlewares\lvgl\src\misc\lv_log.c: 1 warning, 0 errors
compiling lv_ll.c...
..\Drivers\Middlewares\lvgl\src\misc\../lv_conf_internal.h(46): warning:  #161-D: unrecognized #pragma
          #pragma message("Possible failure to include lv_conf.h, please read the comment in this file if you get errors")
..\Drivers\Middlewares\lvgl\src\misc\lv_ll.c: 1 warning, 0 errors
compiling lv_lru.c...
..\Drivers\Middlewares\lvgl\src\misc\../lv_conf_internal.h(46): warning:  #161-D: unrecognized #pragma
          #pragma message("Possible failure to include lv_conf.h, please read the comment in this file if you get errors")
..\Drivers\Middlewares\lvgl\src\misc\lv_lru.c(241): warning:  #68-D: integer conversion resulted in a change of sign
      uint32_t i = 0, min_index = -1;
..\Drivers\Middlewares\lvgl\src\misc\lv_lru.c(242): warning:  #68-D: integer conversion resulted in a change of sign
      uint64_t min_access_count = -1;
..\Drivers\Middlewares\lvgl\src\misc\lv_lru.c: 3 warnings, 0 errors
compiling lv_math.c...
..\Drivers\Middlewares\lvgl\src\misc\../lv_conf_internal.h(46): warning:  #161-D: unrecognized #pragma
          #pragma message("Possible failure to include lv_conf.h, please read the comment in this file if you get errors")
..\Drivers\Middlewares\lvgl\src\misc\lv_math.c: 1 warning, 0 errors
compiling lv_mem.c...
..\Drivers\Middlewares\lvgl\src\misc\../lv_conf_internal.h(46): warning:  #161-D: unrecognized #pragma
          #pragma message("Possible failure to include lv_conf.h, please read the comment in this file if you get errors")
..\Drivers\Middlewares\lvgl\src\misc\lv_mem.c(325): warning:  #111-D: statement is unreachable
      return NULL;
..\Drivers\Middlewares\lvgl\src\misc\lv_mem.c: 2 warnings, 0 errors
compiling lv_printf.c...
..\Drivers\Middlewares\lvgl\src\misc\../lv_conf_internal.h(46): warning:  #161-D: unrecognized #pragma
          #pragma message("Possible failure to include lv_conf.h, please read the comment in this file if you get errors")
..\Drivers\Middlewares\lvgl\src\misc\lv_printf.c: 1 warning, 0 errors
compiling lv_templ.c...
compiling lv_style.c...
..\Drivers\Middlewares\lvgl\src\misc\../font/../lv_conf_internal.h(46): warning:  #161-D: unrecognized #pragma
          #pragma message("Possible failure to include lv_conf.h, please read the comment in this file if you get errors")
..\Drivers\Middlewares\lvgl\src\misc\lv_style.c(214): warning:  #188-D: enumerated type mixed with another type
      return last_custom_prop_id;
..\Drivers\Middlewares\lvgl\src\misc\lv_style.c(219): warning:  #188-D: enumerated type mixed with another type
      return last_custom_prop_id - _LV_STYLE_LAST_BUILT_IN_PROP;
..\Drivers\Middlewares\lvgl\src\misc\lv_style.c(290): warning:  #188-D: enumerated type mixed with another type
      lv_style_set_prop_internal(style, prop | meta, null_style_value, lv_style_set_prop_meta_helper);
..\Drivers\Middlewares\lvgl\src\misc\lv_style.c: 4 warnings, 0 errors
compiling lv_style_gen.c...
..\Drivers\Middlewares\lvgl\src\misc\../font/../lv_conf_internal.h(46): warning:  #161-D: unrecognized #pragma
          #pragma message("Possible failure to include lv_conf.h, please read the comment in this file if you get errors")
..\Drivers\Middlewares\lvgl\src\misc\lv_style_gen.c: 1 warning, 0 errors
compiling lv_timer.c...
..\Drivers\Middlewares\lvgl\src\misc\../lv_conf_internal.h(46): warning:  #161-D: unrecognized #pragma
          #pragma message("Possible failure to include lv_conf.h, please read the comment in this file if you get errors")
..\Drivers\Middlewares\lvgl\src\misc\lv_timer.c: 1 warning, 0 errors
compiling lv_utils.c...
compiling lv_txt_ap.c...
..\Drivers\Middlewares\lvgl\src\misc\../lv_conf_internal.h(46): warning:  #161-D: unrecognized #pragma
          #pragma message("Possible failure to include lv_conf.h, please read the comment in this file if you get errors")
..\Drivers\Middlewares\lvgl\src\misc\lv_txt_ap.c: 1 warning, 0 errors
compiling lv_tlsf.c...
..\Drivers\Middlewares\lvgl\src\misc\../lv_conf_internal.h(46): warning:  #161-D: unrecognized #pragma
          #pragma message("Possible failure to include lv_conf.h, please read the comment in this file if you get errors")
..\Drivers\Middlewares\lvgl\src\misc\lv_tlsf.c(898): warning:  #68-D: integer conversion resulted in a change of sign
          offset_to_block(pool, -(int)block_header_overhead);
..\Drivers\Middlewares\lvgl\src\misc\lv_tlsf.c(1000): warning:  #68-D: integer conversion resulted in a change of sign
      block = offset_to_block(mem, -(tlsfptr_t)block_header_overhead);
..\Drivers\Middlewares\lvgl\src\misc\lv_tlsf.c(1018): warning:  #68-D: integer conversion resulted in a change of sign
      block_header_t * block = offset_to_block(pool, -(int)block_header_overhead);
..\Drivers\Middlewares\lvgl\src\misc\lv_tlsf.c: 4 warnings, 0 errors
compiling lv_txt.c...
..\Drivers\Middlewares\lvgl\src\misc\../lv_conf_internal.h(46): warning:  #161-D: unrecognized #pragma
          #pragma message("Possible failure to include lv_conf.h, please read the comment in this file if you get errors")
..\Drivers\Middlewares\lvgl\src\misc\lv_txt.c: 1 warning, 0 errors
compiling lv_btn.c...
..\Drivers\Middlewares\lvgl\src\widgets\../lv_conf_internal.h(46): warning:  #161-D: unrecognized #pragma
          #pragma message("Possible failure to include lv_conf.h, please read the comment in this file if you get errors")
..\Drivers\Middlewares\lvgl\src\widgets\lv_btn.c: 1 warning, 0 errors
compiling lv_bar.c...
..\Drivers\Middlewares\lvgl\src\widgets\../lv_conf_internal.h(46): warning:  #161-D: unrecognized #pragma
          #pragma message("Possible failure to include lv_conf.h, please read the comment in this file if you get errors")
..\Drivers\Middlewares\lvgl\src\widgets\lv_bar.c: 1 warning, 0 errors
compiling lv_arc.c...
..\Drivers\Middlewares\lvgl\src\widgets\../lv_conf_internal.h(46): warning:  #161-D: unrecognized #pragma
          #pragma message("Possible failure to include lv_conf.h, please read the comment in this file if you get errors")
..\Drivers\Middlewares\lvgl\src\widgets\lv_arc.c: 1 warning, 0 errors
compiling lv_checkbox.c...
..\Drivers\Middlewares\lvgl\src\widgets\../lv_conf_internal.h(46): warning:  #161-D: unrecognized #pragma
          #pragma message("Possible failure to include lv_conf.h, please read the comment in this file if you get errors")
..\Drivers\Middlewares\lvgl\src\widgets\lv_checkbox.c: 1 warning, 0 errors
compiling lv_canvas.c...
..\Drivers\Middlewares\lvgl\src\widgets\../lv_conf_internal.h(46): warning:  #161-D: unrecognized #pragma
          #pragma message("Possible failure to include lv_conf.h, please read the comment in this file if you get errors")
..\Drivers\Middlewares\lvgl\src\widgets\lv_canvas.c: 1 warning, 0 errors
compiling lv_objx_templ.c...
compiling lv_img.c...
..\Drivers\Middlewares\lvgl\src\widgets\../lv_conf_internal.h(46): warning:  #161-D: unrecognized #pragma
          #pragma message("Possible failure to include lv_conf.h, please read the comment in this file if you get errors")
..\Drivers\Middlewares\lvgl\src\widgets\lv_img.c: 1 warning, 0 errors
compiling lv_btnmatrix.c...
..\Drivers\Middlewares\lvgl\src\widgets\../lv_conf_internal.h(46): warning:  #161-D: unrecognized #pragma
          #pragma message("Possible failure to include lv_conf.h, please read the comment in this file if you get errors")
..\Drivers\Middlewares\lvgl\src\widgets\lv_btnmatrix.c: 1 warning, 0 errors
compiling lv_dropdown.c...
..\Drivers\Middlewares\lvgl\src\widgets\../core/../lv_conf_internal.h(46): warning:  #161-D: unrecognized #pragma
          #pragma message("Possible failure to include lv_conf.h, please read the comment in this file if you get errors")
..\Drivers\Middlewares\lvgl\src\widgets\lv_dropdown.c: 1 warning, 0 errors
compiling lv_line.c...
..\Drivers\Middlewares\lvgl\src\widgets\../lv_conf_internal.h(46): warning:  #161-D: unrecognized #pragma
          #pragma message("Possible failure to include lv_conf.h, please read the comment in this file if you get errors")
..\Drivers\Middlewares\lvgl\src\widgets\lv_line.c: 1 warning, 0 errors
compiling lv_label.c...
..\Drivers\Middlewares\lvgl\src\widgets\../lv_conf_internal.h(46): warning:  #161-D: unrecognized #pragma
          #pragma message("Possible failure to include lv_conf.h, please read the comment in this file if you get errors")
..\Drivers\Middlewares\lvgl\src\widgets\lv_label.c: 1 warning, 0 errors
compiling lv_switch.c...
..\Drivers\Middlewares\lvgl\src\widgets\../lv_conf_internal.h(46): warning:  #161-D: unrecognized #pragma
          #pragma message("Possible failure to include lv_conf.h, please read the comment in this file if you get errors")
..\Drivers\Middlewares\lvgl\src\widgets\lv_switch.c: 1 warning, 0 errors
compiling lv_roller.c...
..\Drivers\Middlewares\lvgl\src\widgets\../lv_conf_internal.h(46): warning:  #161-D: unrecognized #pragma
          #pragma message("Possible failure to include lv_conf.h, please read the comment in this file if you get errors")
..\Drivers\Middlewares\lvgl\src\widgets\lv_roller.c: 1 warning, 0 errors
compiling lv_port_indev.c...
compiling lv_port_fs.c...
compiling lv_slider.c...
..\Drivers\Middlewares\lvgl\src\widgets\../lv_conf_internal.h(46): warning:  #161-D: unrecognized #pragma
          #pragma message("Possible failure to include lv_conf.h, please read the comment in this file if you get errors")
..\Drivers\Middlewares\lvgl\src\widgets\lv_slider.c: 1 warning, 0 errors
compiling lv_table.c...
..\Drivers\Middlewares\lvgl\src\widgets\../lv_conf_internal.h(46): warning:  #161-D: unrecognized #pragma
          #pragma message("Possible failure to include lv_conf.h, please read the comment in this file if you get errors")
..\Drivers\Middlewares\lvgl\src\widgets\lv_table.c: 1 warning, 0 errors
compiling lv_demo_benchmark.c...
..\Drivers\Middlewares\lvgl\demos\benchmark\../../src/misc/../lv_conf_internal.h(46): warning:  #161-D: unrecognized #pragma
          #pragma message("Possible failure to include lv_conf.h, please read the comment in this file if you get errors")
..\Drivers\Middlewares\lvgl\demos\benchmark\lv_demo_benchmark.c: 1 warning, 0 errors
compiling lv_textarea.c...
..\Drivers\Middlewares\lvgl\src\widgets\../lv_conf_internal.h(46): warning:  #161-D: unrecognized #pragma
          #pragma message("Possible failure to include lv_conf.h, please read the comment in this file if you get errors")
..\Drivers\Middlewares\lvgl\src\widgets\lv_textarea.c: 1 warning, 0 errors
compiling lv_font_bechmark_montserrat_28_compr_az.c.c...
..\Drivers\Middlewares\lvgl\demos\benchmark\assets\../../../src/misc/../lv_conf_internal.h(46): warning:  #161-D: unrecognized #pragma
          #pragma message("Possible failure to include lv_conf.h, please read the comment in this file if you get errors")
..\Drivers\Middlewares\lvgl\demos\benchmark\assets\lv_font_bechmark_montserrat_28_compr_az.c.c: 1 warning, 0 errors
compiling img_benchmark_cogwheel_alpha16.c...
..\Drivers\Middlewares\lvgl\demos\benchmark\assets\../../../src/misc/../lv_conf_internal.h(46): warning:  #161-D: unrecognized #pragma
          #pragma message("Possible failure to include lv_conf.h, please read the comment in this file if you get errors")
..\Drivers\Middlewares\lvgl\demos\benchmark\assets\img_benchmark_cogwheel_alpha16.c: 1 warning, 0 errors
compiling img_benchmark_cogwheel_argb.c...
..\Drivers\Middlewares\lvgl\demos\benchmark\assets\../../../src/misc/../lv_conf_internal.h(46): warning:  #161-D: unrecognized #pragma
          #pragma message("Possible failure to include lv_conf.h, please read the comment in this file if you get errors")
..\Drivers\Middlewares\lvgl\demos\benchmark\assets\img_benchmark_cogwheel_argb.c: 1 warning, 0 errors
compiling img_benchmark_cogwheel_indexed16.c...
..\Drivers\Middlewares\lvgl\demos\benchmark\assets\../../../src/misc/../lv_conf_internal.h(46): warning:  #161-D: unrecognized #pragma
          #pragma message("Possible failure to include lv_conf.h, please read the comment in this file if you get errors")
..\Drivers\Middlewares\lvgl\demos\benchmark\assets\img_benchmark_cogwheel_indexed16.c: 1 warning, 0 errors
compiling img_benchmark_cogwheel_chroma_keyed.c...
..\Drivers\Middlewares\lvgl\demos\benchmark\assets\../../../src/misc/../lv_conf_internal.h(46): warning:  #161-D: unrecognized #pragma
          #pragma message("Possible failure to include lv_conf.h, please read the comment in this file if you get errors")
..\Drivers\Middlewares\lvgl\demos\benchmark\assets\img_benchmark_cogwheel_chroma_keyed.c: 1 warning, 0 errors
compiling img_benchmark_cogwheel_rgb.c...
..\Drivers\Middlewares\lvgl\demos\benchmark\assets\../../../src/misc/../lv_conf_internal.h(46): warning:  #161-D: unrecognized #pragma
          #pragma message("Possible failure to include lv_conf.h, please read the comment in this file if you get errors")
..\Drivers\Middlewares\lvgl\demos\benchmark\assets\img_benchmark_cogwheel_rgb.c: 1 warning, 0 errors
compiling img_benchmark_cogwheel_rgb565a8.c...
..\Drivers\Middlewares\lvgl\demos\benchmark\assets\../../../src/misc/../lv_conf_internal.h(46): warning:  #161-D: unrecognized #pragma
          #pragma message("Possible failure to include lv_conf.h, please read the comment in this file if you get errors")
..\Drivers\Middlewares\lvgl\demos\benchmark\assets\img_benchmark_cogwheel_rgb565a8.c: 1 warning, 0 errors
compiling lv_font_bechmark_montserrat_12_compr_az.c.c...
..\Drivers\Middlewares\lvgl\demos\benchmark\assets\../../../src/misc/../lv_conf_internal.h(46): warning:  #161-D: unrecognized #pragma
          #pragma message("Possible failure to include lv_conf.h, please read the comment in this file if you get errors")
..\Drivers\Middlewares\lvgl\demos\benchmark\assets\lv_font_bechmark_montserrat_12_compr_az.c.c: 1 warning, 0 errors
compiling lv_demo_keypad_encoder.c...
..\Drivers\Middlewares\lvgl\demos\keypad_encoder\../../src/misc/../lv_conf_internal.h(46): warning:  #161-D: unrecognized #pragma
          #pragma message("Possible failure to include lv_conf.h, please read the comment in this file if you get errors")
..\Drivers\Middlewares\lvgl\demos\keypad_encoder\lv_demo_keypad_encoder.c: 1 warning, 0 errors
compiling lv_font_bechmark_montserrat_16_compr_az.c.c...
..\Drivers\Middlewares\lvgl\demos\benchmark\assets\../../../src/misc/../lv_conf_internal.h(46): warning:  #161-D: unrecognized #pragma
          #pragma message("Possible failure to include lv_conf.h, please read the comment in this file if you get errors")
..\Drivers\Middlewares\lvgl\demos\benchmark\assets\lv_font_bechmark_montserrat_16_compr_az.c.c: 1 warning, 0 errors
compiling lv_demo_music.c...
..\Drivers\Middlewares\lvgl\demos\music\../../src/misc/../lv_conf_internal.h(46): warning:  #161-D: unrecognized #pragma
          #pragma message("Possible failure to include lv_conf.h, please read the comment in this file if you get errors")
..\Drivers\Middlewares\lvgl\demos\music\lv_demo_music.c: 1 warning, 0 errors
compiling lv_demo_music_list.c...
..\Drivers\Middlewares\lvgl\demos\music\../../src/misc/../lv_conf_internal.h(46): warning:  #161-D: unrecognized #pragma
          #pragma message("Possible failure to include lv_conf.h, please read the comment in this file if you get errors")
..\Drivers\Middlewares\lvgl\demos\music\lv_demo_music_list.c: 1 warning, 0 errors
compiling lv_demo_music_main.c...
..\Drivers\Middlewares\lvgl\demos\music\../../src/misc/../lv_conf_internal.h(46): warning:  #161-D: unrecognized #pragma
          #pragma message("Possible failure to include lv_conf.h, please read the comment in this file if you get errors")
..\Drivers\Middlewares\lvgl\demos\music\lv_demo_music_main.c: 1 warning, 0 errors
compiling img_lv_demo_music_btn_corner_large.c...
..\Drivers\Middlewares\lvgl\demos\music\assets\../../../src/misc/../lv_conf_internal.h(46): warning:  #161-D: unrecognized #pragma
          #pragma message("Possible failure to include lv_conf.h, please read the comment in this file if you get errors")
..\Drivers\Middlewares\lvgl\demos\music\assets\img_lv_demo_music_btn_corner_large.c: 1 warning, 0 errors
compiling img_lv_demo_music_btn_list_pause_large.c...
..\Drivers\Middlewares\lvgl\demos\music\assets\../../../src/misc/../lv_conf_internal.h(46): warning:  #161-D: unrecognized #pragma
          #pragma message("Possible failure to include lv_conf.h, please read the comment in this file if you get errors")
..\Drivers\Middlewares\lvgl\demos\music\assets\img_lv_demo_music_btn_list_pause_large.c: 1 warning, 0 errors
compiling img_lv_demo_music_btn_list_play.c...
..\Drivers\Middlewares\lvgl\demos\music\assets\../../../src/misc/../lv_conf_internal.h(46): warning:  #161-D: unrecognized #pragma
          #pragma message("Possible failure to include lv_conf.h, please read the comment in this file if you get errors")
..\Drivers\Middlewares\lvgl\demos\music\assets\img_lv_demo_music_btn_list_play.c: 1 warning, 0 errors
compiling img_lv_demo_music_btn_list_pause.c...
..\Drivers\Middlewares\lvgl\demos\music\assets\../../../src/misc/../lv_conf_internal.h(46): warning:  #161-D: unrecognized #pragma
          #pragma message("Possible failure to include lv_conf.h, please read the comment in this file if you get errors")
..\Drivers\Middlewares\lvgl\demos\music\assets\img_lv_demo_music_btn_list_pause.c: 1 warning, 0 errors
compiling img_lv_demo_music_btn_list_play_large.c...
..\Drivers\Middlewares\lvgl\demos\music\assets\../../../src/misc/../lv_conf_internal.h(46): warning:  #161-D: unrecognized #pragma
          #pragma message("Possible failure to include lv_conf.h, please read the comment in this file if you get errors")
..\Drivers\Middlewares\lvgl\demos\music\assets\img_lv_demo_music_btn_list_play_large.c: 1 warning, 0 errors
compiling img_lv_demo_music_btn_loop.c...
..\Drivers\Middlewares\lvgl\demos\music\assets\../../../src/misc/../lv_conf_internal.h(46): warning:  #161-D: unrecognized #pragma
          #pragma message("Possible failure to include lv_conf.h, please read the comment in this file if you get errors")
..\Drivers\Middlewares\lvgl\demos\music\assets\img_lv_demo_music_btn_loop.c: 1 warning, 0 errors
compiling img_lv_demo_music_btn_loop_large.c...
..\Drivers\Middlewares\lvgl\demos\music\assets\../../../src/misc/../lv_conf_internal.h(46): warning:  #161-D: unrecognized #pragma
          #pragma message("Possible failure to include lv_conf.h, please read the comment in this file if you get errors")
..\Drivers\Middlewares\lvgl\demos\music\assets\img_lv_demo_music_btn_loop_large.c: 1 warning, 0 errors
compiling img_lv_demo_music_btn_next.c...
..\Drivers\Middlewares\lvgl\demos\music\assets\../../../src/misc/../lv_conf_internal.h(46): warning:  #161-D: unrecognized #pragma
          #pragma message("Possible failure to include lv_conf.h, please read the comment in this file if you get errors")
..\Drivers\Middlewares\lvgl\demos\music\assets\img_lv_demo_music_btn_next.c: 1 warning, 0 errors
compiling img_lv_demo_music_btn_next_large.c...
..\Drivers\Middlewares\lvgl\demos\music\assets\../../../src/misc/../lv_conf_internal.h(46): warning:  #161-D: unrecognized #pragma
          #pragma message("Possible failure to include lv_conf.h, please read the comment in this file if you get errors")
..\Drivers\Middlewares\lvgl\demos\music\assets\img_lv_demo_music_btn_next_large.c: 1 warning, 0 errors
compiling img_lv_demo_music_btn_pause.c...
..\Drivers\Middlewares\lvgl\demos\music\assets\../../../src/misc/../lv_conf_internal.h(46): warning:  #161-D: unrecognized #pragma
          #pragma message("Possible failure to include lv_conf.h, please read the comment in this file if you get errors")
..\Drivers\Middlewares\lvgl\demos\music\assets\img_lv_demo_music_btn_pause.c: 1 warning, 0 errors
compiling img_lv_demo_music_btn_pause_large.c...
..\Drivers\Middlewares\lvgl\demos\music\assets\../../../src/misc/../lv_conf_internal.h(46): warning:  #161-D: unrecognized #pragma
          #pragma message("Possible failure to include lv_conf.h, please read the comment in this file if you get errors")
..\Drivers\Middlewares\lvgl\demos\music\assets\img_lv_demo_music_btn_pause_large.c: 1 warning, 0 errors
compiling img_lv_demo_music_btn_play.c...
..\Drivers\Middlewares\lvgl\demos\music\assets\../../../src/misc/../lv_conf_internal.h(46): warning:  #161-D: unrecognized #pragma
          #pragma message("Possible failure to include lv_conf.h, please read the comment in this file if you get errors")
..\Drivers\Middlewares\lvgl\demos\music\assets\img_lv_demo_music_btn_play.c: 1 warning, 0 errors
compiling img_lv_demo_music_btn_play_large.c...
..\Drivers\Middlewares\lvgl\demos\music\assets\../../../src/misc/../lv_conf_internal.h(46): warning:  #161-D: unrecognized #pragma
          #pragma message("Possible failure to include lv_conf.h, please read the comment in this file if you get errors")
..\Drivers\Middlewares\lvgl\demos\music\assets\img_lv_demo_music_btn_play_large.c: 1 warning, 0 errors
compiling img_lv_demo_music_btn_prev.c...
..\Drivers\Middlewares\lvgl\demos\music\assets\../../../src/misc/../lv_conf_internal.h(46): warning:  #161-D: unrecognized #pragma
          #pragma message("Possible failure to include lv_conf.h, please read the comment in this file if you get errors")
..\Drivers\Middlewares\lvgl\demos\music\assets\img_lv_demo_music_btn_prev.c: 1 warning, 0 errors
compiling img_lv_demo_music_btn_rnd.c...
..\Drivers\Middlewares\lvgl\demos\music\assets\../../../src/misc/../lv_conf_internal.h(46): warning:  #161-D: unrecognized #pragma
          #pragma message("Possible failure to include lv_conf.h, please read the comment in this file if you get errors")
..\Drivers\Middlewares\lvgl\demos\music\assets\img_lv_demo_music_btn_rnd.c: 1 warning, 0 errors
compiling img_lv_demo_music_btn_prev_large.c...
..\Drivers\Middlewares\lvgl\demos\music\assets\../../../src/misc/../lv_conf_internal.h(46): warning:  #161-D: unrecognized #pragma
          #pragma message("Possible failure to include lv_conf.h, please read the comment in this file if you get errors")
..\Drivers\Middlewares\lvgl\demos\music\assets\img_lv_demo_music_btn_prev_large.c: 1 warning, 0 errors
compiling img_lv_demo_music_btn_rnd_large.c...
..\Drivers\Middlewares\lvgl\demos\music\assets\../../../src/misc/../lv_conf_internal.h(46): warning:  #161-D: unrecognized #pragma
          #pragma message("Possible failure to include lv_conf.h, please read the comment in this file if you get errors")
..\Drivers\Middlewares\lvgl\demos\music\assets\img_lv_demo_music_btn_rnd_large.c: 1 warning, 0 errors
compiling img_lv_demo_music_corner_left.c...
..\Drivers\Middlewares\lvgl\demos\music\assets\../../../src/misc/../lv_conf_internal.h(46): warning:  #161-D: unrecognized #pragma
          #pragma message("Possible failure to include lv_conf.h, please read the comment in this file if you get errors")
..\Drivers\Middlewares\lvgl\demos\music\assets\img_lv_demo_music_corner_left.c: 1 warning, 0 errors
compiling img_lv_demo_music_corner_right.c...
..\Drivers\Middlewares\lvgl\demos\music\assets\../../../src/misc/../lv_conf_internal.h(46): warning:  #161-D: unrecognized #pragma
          #pragma message("Possible failure to include lv_conf.h, please read the comment in this file if you get errors")
..\Drivers\Middlewares\lvgl\demos\music\assets\img_lv_demo_music_corner_right.c: 1 warning, 0 errors
compiling img_lv_demo_music_corner_left_large.c...
..\Drivers\Middlewares\lvgl\demos\music\assets\../../../src/misc/../lv_conf_internal.h(46): warning:  #161-D: unrecognized #pragma
          #pragma message("Possible failure to include lv_conf.h, please read the comment in this file if you get errors")
..\Drivers\Middlewares\lvgl\demos\music\assets\img_lv_demo_music_corner_left_large.c: 1 warning, 0 errors
compiling img_lv_demo_music_corner_right_large.c...
..\Drivers\Middlewares\lvgl\demos\music\assets\../../../src/misc/../lv_conf_internal.h(46): warning:  #161-D: unrecognized #pragma
          #pragma message("Possible failure to include lv_conf.h, please read the comment in this file if you get errors")
..\Drivers\Middlewares\lvgl\demos\music\assets\img_lv_demo_music_corner_right_large.c: 1 warning, 0 errors
compiling img_lv_demo_music_cover_1.c...
..\Drivers\Middlewares\lvgl\demos\music\assets\../../../src/misc/../lv_conf_internal.h(46): warning:  #161-D: unrecognized #pragma
          #pragma message("Possible failure to include lv_conf.h, please read the comment in this file if you get errors")
..\Drivers\Middlewares\lvgl\demos\music\assets\img_lv_demo_music_cover_1.c: 1 warning, 0 errors
compiling img_lv_demo_music_cover_2.c...
..\Drivers\Middlewares\lvgl\demos\music\assets\../../../src/misc/../lv_conf_internal.h(46): warning:  #161-D: unrecognized #pragma
          #pragma message("Possible failure to include lv_conf.h, please read the comment in this file if you get errors")
..\Drivers\Middlewares\lvgl\demos\music\assets\img_lv_demo_music_cover_2.c: 1 warning, 0 errors
compiling lv_port_disp.c...
..\Drivers\Middlewares\lvgl\src/misc/../lv_conf_internal.h(46): warning:  #161-D: unrecognized #pragma
          #pragma message("Possible failure to include lv_conf.h, please read the comment in this file if you get errors")
..\Drivers\Middlewares\lvgl\examples\porting\lv_port_disp.c(20): warning:  #1215-D: #warning directive: Please define or replace the macro MY_DISP_HOR_RES with the actual screen width, default value 320 is used for now.
      #warning Please define or replace the macro MY_DISP_HOR_RES with the actual screen width, default value 320 is used for now.
..\Drivers\Middlewares\lvgl\examples\porting\lv_port_disp.c(25): warning:  #1215-D: #warning directive: Please define or replace the macro MY_DISP_HOR_RES with the actual screen height, default value 240 is used for now.
      #warning Please define or replace the macro MY_DISP_HOR_RES with the actual screen height, default value 240 is used for now.
..\Drivers\Middlewares\lvgl\examples\porting\lv_port_disp.c: 3 warnings, 0 errors
compiling img_lv_demo_music_icon_1.c...
..\Drivers\Middlewares\lvgl\demos\music\assets\../../../src/misc/../lv_conf_internal.h(46): warning:  #161-D: unrecognized #pragma
          #pragma message("Possible failure to include lv_conf.h, please read the comment in this file if you get errors")
..\Drivers\Middlewares\lvgl\demos\music\assets\img_lv_demo_music_icon_1.c: 1 warning, 0 errors
compiling img_lv_demo_music_cover_3.c...
..\Drivers\Middlewares\lvgl\demos\music\assets\../../../src/misc/../lv_conf_internal.h(46): warning:  #161-D: unrecognized #pragma
          #pragma message("Possible failure to include lv_conf.h, please read the comment in this file if you get errors")
..\Drivers\Middlewares\lvgl\demos\music\assets\img_lv_demo_music_cover_3.c: 1 warning, 0 errors
compiling img_lv_demo_music_icon_1_large.c...
..\Drivers\Middlewares\lvgl\demos\music\assets\../../../src/misc/../lv_conf_internal.h(46): warning:  #161-D: unrecognized #pragma
          #pragma message("Possible failure to include lv_conf.h, please read the comment in this file if you get errors")
..\Drivers\Middlewares\lvgl\demos\music\assets\img_lv_demo_music_icon_1_large.c: 1 warning, 0 errors
compiling img_lv_demo_music_icon_2.c...
..\Drivers\Middlewares\lvgl\demos\music\assets\../../../src/misc/../lv_conf_internal.h(46): warning:  #161-D: unrecognized #pragma
          #pragma message("Possible failure to include lv_conf.h, please read the comment in this file if you get errors")
..\Drivers\Middlewares\lvgl\demos\music\assets\img_lv_demo_music_icon_2.c: 1 warning, 0 errors
compiling img_lv_demo_music_cover_2_large.c...
..\Drivers\Middlewares\lvgl\demos\music\assets\../../../src/misc/../lv_conf_internal.h(46): warning:  #161-D: unrecognized #pragma
          #pragma message("Possible failure to include lv_conf.h, please read the comment in this file if you get errors")
..\Drivers\Middlewares\lvgl\demos\music\assets\img_lv_demo_music_cover_2_large.c: 1 warning, 0 errors
compiling img_lv_demo_music_icon_2_large.c...
..\Drivers\Middlewares\lvgl\demos\music\assets\../../../src/misc/../lv_conf_internal.h(46): warning:  #161-D: unrecognized #pragma
          #pragma message("Possible failure to include lv_conf.h, please read the comment in this file if you get errors")
..\Drivers\Middlewares\lvgl\demos\music\assets\img_lv_demo_music_icon_2_large.c: 1 warning, 0 errors
compiling img_lv_demo_music_cover_1_large.c...
..\Drivers\Middlewares\lvgl\demos\music\assets\../../../src/misc/../lv_conf_internal.h(46): warning:  #161-D: unrecognized #pragma
          #pragma message("Possible failure to include lv_conf.h, please read the comment in this file if you get errors")
..\Drivers\Middlewares\lvgl\demos\music\assets\img_lv_demo_music_cover_1_large.c: 1 warning, 0 errors
compiling img_lv_demo_music_icon_3.c...
..\Drivers\Middlewares\lvgl\demos\music\assets\../../../src/misc/../lv_conf_internal.h(46): warning:  #161-D: unrecognized #pragma
          #pragma message("Possible failure to include lv_conf.h, please read the comment in this file if you get errors")
..\Drivers\Middlewares\lvgl\demos\music\assets\img_lv_demo_music_icon_3.c: 1 warning, 0 errors
compiling img_lv_demo_music_cover_3_large.c...
..\Drivers\Middlewares\lvgl\demos\music\assets\../../../src/misc/../lv_conf_internal.h(46): warning:  #161-D: unrecognized #pragma
          #pragma message("Possible failure to include lv_conf.h, please read the comment in this file if you get errors")
..\Drivers\Middlewares\lvgl\demos\music\assets\img_lv_demo_music_cover_3_large.c: 1 warning, 0 errors
compiling img_lv_demo_music_icon_4.c...
..\Drivers\Middlewares\lvgl\demos\music\assets\../../../src/misc/../lv_conf_internal.h(46): warning:  #161-D: unrecognized #pragma
          #pragma message("Possible failure to include lv_conf.h, please read the comment in this file if you get errors")
..\Drivers\Middlewares\lvgl\demos\music\assets\img_lv_demo_music_icon_4.c: 1 warning, 0 errors
compiling img_lv_demo_music_icon_4_large.c...
..\Drivers\Middlewares\lvgl\demos\music\assets\../../../src/misc/../lv_conf_internal.h(46): warning:  #161-D: unrecognized #pragma
          #pragma message("Possible failure to include lv_conf.h, please read the comment in this file if you get errors")
..\Drivers\Middlewares\lvgl\demos\music\assets\img_lv_demo_music_icon_4_large.c: 1 warning, 0 errors
compiling img_lv_demo_music_list_border.c...
..\Drivers\Middlewares\lvgl\demos\music\assets\../../../src/misc/../lv_conf_internal.h(46): warning:  #161-D: unrecognized #pragma
          #pragma message("Possible failure to include lv_conf.h, please read the comment in this file if you get errors")
..\Drivers\Middlewares\lvgl\demos\music\assets\img_lv_demo_music_list_border.c: 1 warning, 0 errors
compiling img_lv_demo_music_list_border_large.c...
..\Drivers\Middlewares\lvgl\demos\music\assets\../../../src/misc/../lv_conf_internal.h(46): warning:  #161-D: unrecognized #pragma
          #pragma message("Possible failure to include lv_conf.h, please read the comment in this file if you get errors")
..\Drivers\Middlewares\lvgl\demos\music\assets\img_lv_demo_music_list_border_large.c: 1 warning, 0 errors
compiling img_lv_demo_music_logo.c...
..\Drivers\Middlewares\lvgl\demos\music\assets\../../../src/misc/../lv_conf_internal.h(46): warning:  #161-D: unrecognized #pragma
          #pragma message("Possible failure to include lv_conf.h, please read the comment in this file if you get errors")
..\Drivers\Middlewares\lvgl\demos\music\assets\img_lv_demo_music_logo.c: 1 warning, 0 errors
compiling img_lv_demo_music_slider_knob.c...
..\Drivers\Middlewares\lvgl\demos\music\assets\../../../src/misc/../lv_conf_internal.h(46): warning:  #161-D: unrecognized #pragma
          #pragma message("Possible failure to include lv_conf.h, please read the comment in this file if you get errors")
..\Drivers\Middlewares\lvgl\demos\music\assets\img_lv_demo_music_slider_knob.c: 1 warning, 0 errors
compiling img_lv_demo_music_slider_knob_large.c...
..\Drivers\Middlewares\lvgl\demos\music\assets\../../../src/misc/../lv_conf_internal.h(46): warning:  #161-D: unrecognized #pragma
          #pragma message("Possible failure to include lv_conf.h, please read the comment in this file if you get errors")
..\Drivers\Middlewares\lvgl\demos\music\assets\img_lv_demo_music_slider_knob_large.c: 1 warning, 0 errors
compiling img_lv_demo_music_wave_bottom.c...
..\Drivers\Middlewares\lvgl\demos\music\assets\../../../src/misc/../lv_conf_internal.h(46): warning:  #161-D: unrecognized #pragma
          #pragma message("Possible failure to include lv_conf.h, please read the comment in this file if you get errors")
..\Drivers\Middlewares\lvgl\demos\music\assets\img_lv_demo_music_wave_bottom.c: 1 warning, 0 errors
compiling img_lv_demo_music_wave_top.c...
..\Drivers\Middlewares\lvgl\demos\music\assets\../../../src/misc/../lv_conf_internal.h(46): warning:  #161-D: unrecognized #pragma
          #pragma message("Possible failure to include lv_conf.h, please read the comment in this file if you get errors")
..\Drivers\Middlewares\lvgl\demos\music\assets\img_lv_demo_music_wave_top.c: 1 warning, 0 errors
compiling img_lv_demo_music_icon_3_large.c...
..\Drivers\Middlewares\lvgl\demos\music\assets\../../../src/misc/../lv_conf_internal.h(46): warning:  #161-D: unrecognized #pragma
          #pragma message("Possible failure to include lv_conf.h, please read the comment in this file if you get errors")
..\Drivers\Middlewares\lvgl\demos\music\assets\img_lv_demo_music_icon_3_large.c: 1 warning, 0 errors
compiling img_lv_demo_music_wave_bottom_large.c...
..\Drivers\Middlewares\lvgl\demos\music\assets\../../../src/misc/../lv_conf_internal.h(46): warning:  #161-D: unrecognized #pragma
          #pragma message("Possible failure to include lv_conf.h, please read the comment in this file if you get errors")
..\Drivers\Middlewares\lvgl\demos\music\assets\img_lv_demo_music_wave_bottom_large.c: 1 warning, 0 errors
compiling lv_demo_stress.c...
..\Drivers\Middlewares\lvgl\demos\stress\../../src/misc/../lv_conf_internal.h(46): warning:  #161-D: unrecognized #pragma
          #pragma message("Possible failure to include lv_conf.h, please read the comment in this file if you get errors")
..\Drivers\Middlewares\lvgl\demos\stress\lv_demo_stress.c: 1 warning, 0 errors
compiling img_lv_demo_music_wave_top_large.c...
..\Drivers\Middlewares\lvgl\demos\music\assets\../../../src/misc/../lv_conf_internal.h(46): warning:  #161-D: unrecognized #pragma
          #pragma message("Possible failure to include lv_conf.h, please read the comment in this file if you get errors")
..\Drivers\Middlewares\lvgl\demos\music\assets\img_lv_demo_music_wave_top_large.c: 1 warning, 0 errors
compiling lv_demo_widgets.c...
..\Drivers\Middlewares\lvgl\demos\widgets\../../src/misc/../lv_conf_internal.h(46): warning:  #161-D: unrecognized #pragma
          #pragma message("Possible failure to include lv_conf.h, please read the comment in this file if you get errors")
..\Drivers\Middlewares\lvgl\demos\widgets\lv_demo_widgets.c: 1 warning, 0 errors
compiling img_clothes.c...
..\Drivers\Middlewares\lvgl\demos\widgets\assets\../../../src/misc/../lv_conf_internal.h(46): warning:  #161-D: unrecognized #pragma
          #pragma message("Possible failure to include lv_conf.h, please read the comment in this file if you get errors")
..\Drivers\Middlewares\lvgl\demos\widgets\assets\img_clothes.c: 1 warning, 0 errors
compiling img_lvgl_logo.c...
..\Drivers\Middlewares\lvgl\demos\widgets\assets\../../../src/misc/../lv_conf_internal.h(46): warning:  #161-D: unrecognized #pragma
          #pragma message("Possible failure to include lv_conf.h, please read the comment in this file if you get errors")
..\Drivers\Middlewares\lvgl\demos\widgets\assets\img_lvgl_logo.c: 1 warning, 0 errors
compiling img_demo_widgets_avatar.c...
..\Drivers\Middlewares\lvgl\demos\widgets\assets\../../../src/misc/../lv_conf_internal.h(46): warning:  #161-D: unrecognized #pragma
          #pragma message("Possible failure to include lv_conf.h, please read the comment in this file if you get errors")
..\Drivers\Middlewares\lvgl\demos\widgets\assets\img_demo_widgets_avatar.c: 1 warning, 0 errors
linking...
Program Size: Code=13178 RO-data=16358 RW-data=20 ZI-data=4372  
FromELF: creating hex file...
"smartwatchf411\smartwatchf411.axf" - 0 Error(s), 279 Warning(s).

<h2>Software Packages used:</h2>

Package Vendor: ARM
                http://www.keil.com/pack/ARM.CMSIS.5.0.1.pack
                ARM.CMSIS.5.0.1
                CMSIS (Cortex Microcontroller Software Interface Standard)
   * Component: CORE Version: 5.0.1

Package Vendor: Keil
                https://www.keil.com/pack/Keil.STM32F4xx_DFP.3.1.1.pack
                Keil.STM32F4xx_DFP.3.1.1
                STMicroelectronics STM32F4 Series Device Support

<h2>Collection of Component include folders:</h2>
  .\RTE\_smartwatchf411
  C:\Emb\keil\ARM\PACK\ARM\CMSIS\5.0.1\CMSIS\Include

<h2>Collection of Component Files used:</h2>

   * Component: ARM::CMSIS:CORE:5.0.1
Build Time Elapsed:  00:00:09
</pre>
</body>
</html>
